Archive member included because of file (symbol)

e:/logiciels/arduino/portable/packages/arduino/tools/arm-none-eabi-gcc/4.8.3-2014q1/bin/../lib/gcc/arm-none-eabi/4.8.3/../../../../arm-none-eabi/lib/armv6-m\libm.a(lib_a-sf_fpclassify.o)
                              e:\Logiciels\arduino\portable\sketchbook\asteroid\build\libraries\Gamebuino_META\utility\SdFat\src\FatLib\FmtNumber.cpp.o (__fpclassifyf)
e:\Logiciels\arduino\portable\sketchbook\asteroid\build/core\core.a(cortex_handlers.c.o)
                              (Reset_Handler)
e:\Logiciels\arduino\portable\sketchbook\asteroid\build/core\core.a(delay.c.o)
                              e:\Logiciels\arduino\portable\sketchbook\asteroid\build\libraries\Gamebuino_META\Gamebuino-Meta.cpp.o (millis)
e:\Logiciels\arduino\portable\sketchbook\asteroid\build/core\core.a(hooks.c.o)
                              e:\Logiciels\arduino\portable\sketchbook\asteroid\build/core\core.a(cortex_handlers.c.o) (sysTickHook)
e:\Logiciels\arduino\portable\sketchbook\asteroid\build/core\core.a(startup.c.o)
                              e:\Logiciels\arduino\portable\sketchbook\asteroid\build/core\core.a(cortex_handlers.c.o) (SystemInit)
e:\Logiciels\arduino\portable\sketchbook\asteroid\build/core\core.a(wiring.c.o)
                              e:\Logiciels\arduino\portable\sketchbook\asteroid\build\libraries\Gamebuino_META\utility\Sound\Sound.cpp.o (SystemCoreClock)
e:\Logiciels\arduino\portable\sketchbook\asteroid\build/core\core.a(wiring_analog.c.o)
                              e:\Logiciels\arduino\portable\sketchbook\asteroid\build\libraries\Gamebuino_META\utility\Sound\Sound.cpp.o (analogWriteResolution)
e:\Logiciels\arduino\portable\sketchbook\asteroid\build/core\core.a(wiring_digital.c.o)
                              e:\Logiciels\arduino\portable\sketchbook\asteroid\build\libraries\Gamebuino_META\utility\Adafruit_NeoPixel\Adafruit_NeoPixel.cpp.o (pinMode)
e:\Logiciels\arduino\portable\sketchbook\asteroid\build/core\core.a(wiring_private.c.o)
                              e:\Logiciels\arduino\portable\sketchbook\asteroid\build\libraries\SPI\SPI.cpp.o (pinPeripheral)
e:\Logiciels\arduino\portable\sketchbook\asteroid\build/core\core.a(Print.cpp.o)
                              e:\Logiciels\arduino\portable\sketchbook\asteroid\build\libraries\Gamebuino_META\utility\Display-ST7735\Display-ST7735.cpp.o (Print::write(unsigned char const*, unsigned int))
e:\Logiciels\arduino\portable\sketchbook\asteroid\build/core\core.a(Reset.cpp.o)
                              e:\Logiciels\arduino\portable\sketchbook\asteroid\build/core\core.a(delay.c.o) (tickReset)
e:\Logiciels\arduino\portable\sketchbook\asteroid\build/core\core.a(SERCOM.cpp.o)
                              e:\Logiciels\arduino\portable\sketchbook\asteroid\build\core\variant.cpp.o (SERCOM::SERCOM(Sercom*))
e:\Logiciels\arduino\portable\sketchbook\asteroid\build/core\core.a(Uart.cpp.o)
                              e:\Logiciels\arduino\portable\sketchbook\asteroid\build\core\variant.cpp.o (Uart::Uart(SERCOM*, unsigned char, unsigned char, SercomRXPad, SercomUartTXPad))
e:\Logiciels\arduino\portable\sketchbook\asteroid\build/core\core.a(WMath.cpp.o)
                              e:\Logiciels\arduino\portable\sketchbook\asteroid\build\libraries\Gamebuino_META\Gamebuino-Meta.cpp.o (randomSeed(unsigned long))
e:\Logiciels\arduino\portable\sketchbook\asteroid\build/core\core.a(abi.cpp.o)
                              e:\Logiciels\arduino\portable\sketchbook\asteroid\build\libraries\Gamebuino_META\utility\Graphics\Graphics.cpp.o (__cxa_pure_virtual)
e:\Logiciels\arduino\portable\sketchbook\asteroid\build/core\core.a(main.cpp.o)
                              e:/logiciels/arduino/portable/packages/arduino/tools/arm-none-eabi-gcc/4.8.3-2014q1/bin/../lib/gcc/arm-none-eabi/4.8.3/../../../../arm-none-eabi/lib/armv6-m/crt0.o (main)
e:\Logiciels\arduino\portable\sketchbook\asteroid\build/core\core.a(new.cpp.o)
                              e:\Logiciels\arduino\portable\sketchbook\asteroid\build\libraries\Gamebuino_META\utility\Graphics\Image.cpp.o (operator new(unsigned int))
e:\Logiciels\arduino\portable\sketchbook\asteroid\build/core\core.a(USBCore.cpp.o)
                              e:\Logiciels\arduino\portable\sketchbook\asteroid\build/core\core.a(main.cpp.o) (USBDeviceClass::init())
e:\Logiciels\arduino\portable\sketchbook\asteroid\build/core\core.a(RingBuffer.cpp.o)
                              e:\Logiciels\arduino\portable\sketchbook\asteroid\build/core\core.a(Uart.cpp.o) (RingBuffer::RingBuffer())
e:\Logiciels\arduino\portable\sketchbook\asteroid\build/core\core.a(CDC.cpp.o)
                              e:\Logiciels\arduino\portable\sketchbook\asteroid\build/core\core.a(USBCore.cpp.o) (CDC_GetInterface(unsigned char*))
e:\Logiciels\arduino\portable\sketchbook\asteroid\build/core\core.a(PluggableUSB.cpp.o)
[...]
Memory Configuration

Name             Origin             Length             Attributes
FLASH            0x00004000         0x0003c000         xr
RAM              0x20000000         0x00007ffc         xrw
*default*        0x00000000         0xffffffff

Linker script and memory map

LOAD e:/logiciels/arduino/portable/packages/arduino/tools/arm-none-eabi-gcc/4.8.3-2014q1/bin/../lib/gcc/arm-none-eabi/4.8.3/armv6-m/crti.o
LOAD e:/logiciels/arduino/portable/packages/arduino/tools/arm-none-eabi-gcc/4.8.3-2014q1/bin/../lib/gcc/arm-none-eabi/4.8.3/armv6-m/crtbegin.o
LOAD e:/logiciels/arduino/portable/packages/arduino/tools/arm-none-eabi-gcc/4.8.3-2014q1/bin/../lib/gcc/arm-none-eabi/4.8.3/../../../../arm-none-eabi/lib/armv6-m/crt0.o
LOAD e:\Logiciels\arduino\portable\sketchbook\asteroid\build\sketch\asteroid.ino.cpp.o
LOAD e:\Logiciels\arduino\portable\sketchbook\asteroid\build\libraries\Gamebuino_META\Gamebuino-Meta.cpp.o
LOAD e:\Logiciels\arduino\portable\sketchbook\asteroid\build\libraries\Gamebuino_META\utility\Adafruit_NeoPixel\esp8266.c.o
LOAD e:\Logiciels\arduino\portable\sketchbook\asteroid\build\libraries\Gamebuino_META\utility\Adafruit_NeoPixel\Adafruit_NeoPixel.cpp.o
LOAD e:\Logiciels\arduino\portable\sketchbook\asteroid\build\libraries\Gamebuino_META\utility\Adafruit_ZeroDMA\Adafruit_ZeroDMA.cpp.o
LOAD e:\Logiciels\arduino\portable\sketchbook\asteroid\build\libraries\Gamebuino_META\utility\Bootloader\Bootloader.cpp.o
LOAD e:\Logiciels\arduino\portable\sketchbook\asteroid\build\libraries\Gamebuino_META\utility\Buttons\Buttons.cpp.o
LOAD e:\Logiciels\arduino\portable\sketchbook\asteroid\build\libraries\Gamebuino_META\utility\Collide\Collide.cpp.o
LOAD e:\Logiciels\arduino\portable\sketchbook\asteroid\build\libraries\Gamebuino_META\utility\Display-ST7735\Display-ST7735.cpp.o
LOAD e:\Logiciels\arduino\portable\sketchbook\asteroid\build\libraries\Gamebuino_META\utility\Graphics\font3x3.c.o
LOAD e:\Logiciels\arduino\portable\sketchbook\asteroid\build\libraries\Gamebuino_META\utility\Graphics\font3x5.c.o
LOAD e:\Logiciels\arduino\portable\sketchbook\asteroid\build\libraries\Gamebuino_META\utility\Graphics\font5x7.c.o
LOAD e:\Logiciels\arduino\portable\sketchbook\asteroid\build\libraries\Gamebuino_META\utility\Graphics\Graphics.cpp.o
LOAD e:\Logiciels\arduino\portable\sketchbook\asteroid\build\libraries\Gamebuino_META\utility\Graphics\Image.cpp.o
LOAD e:\Logiciels\arduino\portable\sketchbook\asteroid\build\libraries\Gamebuino_META\utility\Graphics-SD\BMP.cpp.o
LOAD e:\Logiciels\arduino\portable\sketchbook\asteroid\build\libraries\Gamebuino_META\utility\Graphics-SD\GMV.cpp.o
LOAD e:\Logiciels\arduino\portable\sketchbook\asteroid\build\libraries\Gamebuino_META\utility\Graphics-SD\Graphics-SD.cpp.o
LOAD e:\Logiciels\arduino\portable\sketchbook\asteroid\build\libraries\Gamebuino_META\utility\Gui\Gui.cpp.o
LOAD e:\Logiciels\arduino\portable\sketchbook\asteroid\build\libraries\Gamebuino_META\utility\Gui\KeyboardLayouts.cpp.o
LOAD e:\Logiciels\arduino\portable\sketchbook\asteroid\build\libraries\Gamebuino_META\utility\Language\Language.cpp.o
LOAD e:\Logiciels\arduino\portable\sketchbook\asteroid\build\libraries\Gamebuino_META\utility\MetaMode\MetaMode.cpp.o
LOAD e:\Logiciels\arduino\portable\sketchbook\asteroid\build\libraries\Gamebuino_META\utility\Misc\Misc.cpp.o
LOAD e:\Logiciels\arduino\portable\sketchbook\asteroid\build\libraries\Gamebuino_META\utility\Save\Save.cpp.o
LOAD e:\Logiciels\arduino\portable\sketchbook\asteroid\build\libraries\Gamebuino_META\utility\SdFat\src\MinimumSerial.cpp.o
LOAD e:\Logiciels\arduino\portable\sketchbook\asteroid\build\libraries\Gamebuino_META\utility\SdFat\src\SdFat.cpp.o
LOAD e:\Logiciels\arduino\portable\sketchbook\asteroid\build\libraries\Gamebuino_META\utility\SdFat\src\SdFatUtil.cpp.o
LOAD e:\Logiciels\arduino\portable\sketchbook\asteroid\build\libraries\Gamebuino_META\utility\SdFat\src\FatLib\FatFile.cpp.o
LOAD e:\Logiciels\arduino\portable\sketchbook\asteroid\build\libraries\Gamebuino_META\utility\SdFat\src\FatLib\FatFileLFN.cpp.o
LOAD e:\Logiciels\arduino\portable\sketchbook\asteroid\build\libraries\Gamebuino_META\utility\SdFat\src\FatLib\FatFilePrint.cpp.o
LOAD e:\Logiciels\arduino\portable\sketchbook\asteroid\build\libraries\Gamebuino_META\utility\SdFat\src\FatLib\FatFileSFN.cpp.o
LOAD e:\Logiciels\arduino\portable\sketchbook\asteroid\build\libraries\Gamebuino_META\utility\SdFat\src\FatLib\FatVolume.cpp.o
LOAD e:\Logiciels\arduino\portable\sketchbook\asteroid\build\libraries\Gamebuino_META\utility\SdFat\src\FatLib\FmtNumber.cpp.o
LOAD e:\Logiciels\arduino\portable\sketchbook\asteroid\build\libraries\Gamebuino_META\utility\SdFat\src\FatLib\StdioStream.cpp.o
LOAD e:\Logiciels\arduino\portable\sketchbook\asteroid\build\libraries\Gamebuino_META\utility\SdFat\src\FatLib\fstream.cpp.o
LOAD e:\Logiciels\arduino\portable\sketchbook\asteroid\build\libraries\Gamebuino_META\utility\SdFat\src\FatLib\istream.cpp.o
LOAD e:\Logiciels\arduino\portable\sketchbook\asteroid\build\libraries\Gamebuino_META\utility\SdFat\src\FatLib\ostream.cpp.o
LOAD e:\Logiciels\arduino\portable\sketchbook\asteroid\build\libraries\Gamebuino_META\utility\SdFat\src\SdSpiCard\SdSpiCard.cpp.o
LOAD e:\Logiciels\arduino\portable\sketchbook\asteroid\build\libraries\Gamebuino_META\utility\SdFat\src\SdSpiCard\SdSpiESP8266.cpp.o
LOAD e:\Logiciels\arduino\portable\sketchbook\asteroid\build\libraries\Gamebuino_META\utility\SdFat\src\SdSpiCard\SdSpiGamebuino.cpp.o
LOAD e:\Logiciels\arduino\portable\sketchbook\asteroid\build\libraries\Gamebuino_META\utility\SdFat\src\SdSpiCard\SdSpiParticle.cpp.o
LOAD e:\Logiciels\arduino\portable\sketchbook\asteroid\build\libraries\Gamebuino_META\utility\SdFat\src\SdSpiCard\SdSpiSAM3X.cpp.o
LOAD e:\Logiciels\arduino\portable\sketchbook\asteroid\build\libraries\Gamebuino_META\utility\SdFat\src\SdSpiCard\SdSpiSTM32F1.cpp.o
LOAD e:\Logiciels\arduino\portable\sketchbook\asteroid\build\libraries\Gamebuino_META\utility\SdFat\src\SdSpiCard\SdSpiTeensy3.cpp.o
LOAD e:\Logiciels\arduino\portable\sketchbook\asteroid\build\libraries\Gamebuino_META\utility\Sound\Pattern.cpp.o
LOAD e:\Logiciels\arduino\portable\sketchbook\asteroid\build\libraries\Gamebuino_META\utility\Sound\Raw.cpp.o
LOAD e:\Logiciels\arduino\portable\sketchbook\asteroid\build\libraries\Gamebuino_META\utility\Sound\Sound.cpp.o
LOAD e:\Logiciels\arduino\portable\sketchbook\asteroid\build\libraries\Gamebuino_META\utility\Sound\Sound_FX.cpp.o
LOAD e:\Logiciels\arduino\portable\sketchbook\asteroid\build\libraries\Gamebuino_META\utility\Sound\Tone.cpp.o
LOAD e:\Logiciels\arduino\portable\sketchbook\asteroid\build\libraries\Gamebuino_META\utility\Sound-SD\Sound-SD.cpp.o
LOAD e:\Logiciels\arduino\portable\sketchbook\asteroid\build\libraries\SPI\SPI.cpp.o
LOAD e:\Logiciels\arduino\portable\sketchbook\asteroid\build\core\variant.cpp.o
START GROUP
LOAD E:\Logiciels\arduino\portable\packages\arduino\tools\CMSIS\4.5.0/CMSIS/Lib/GCC/\libarm_cortexM0l_math.a
LOAD e:/logiciels/arduino/portable/packages/arduino/tools/arm-none-eabi-gcc/4.8.3-2014q1/bin/../lib/gcc/arm-none-eabi/4.8.3/../../../../arm-none-eabi/lib/armv6-m\libm.a
LOAD e:\Logiciels\arduino\portable\sketchbook\asteroid\build/core\core.a
END GROUP
START GROUP
LOAD e:/logiciels/arduino/portable/packages/arduino/tools/arm-none-eabi-gcc/4.8.3-2014q1/bin/../lib/gcc/arm-none-eabi/4.8.3/armv6-m\libgcc.a
LOAD e:/logiciels/arduino/portable/packages/arduino/tools/arm-none-eabi-gcc/4.8.3-2014q1/bin/../lib/gcc/arm-none-eabi/4.8.3/../../../../arm-none-eabi/lib/armv6-m\libc_s.a
END GROUP
START GROUP
LOAD e:/logiciels/arduino/portable/packages/arduino/tools/arm-none-eabi-gcc/4.8.3-2014q1/bin/../lib/gcc/arm-none-eabi/4.8.3/armv6-m\libgcc.a
LOAD e:/logiciels/arduino/portable/packages/arduino/tools/arm-none-eabi-gcc/4.8.3-2014q1/bin/../lib/gcc/arm-none-eabi/4.8.3/../../../../arm-none-eabi/lib/armv6-m\libc_s.a
LOAD e:/logiciels/arduino/portable/packages/arduino/tools/arm-none-eabi-gcc/4.8.3-2014q1/bin/../lib/gcc/arm-none-eabi/4.8.3/../../../../arm-none-eabi/lib/armv6-m\libnosys.a
END GROUP
START GROUP
LOAD e:/logiciels/arduino/portable/packages/arduino/tools/arm-none-eabi-gcc/4.8.3-2014q1/bin/../lib/gcc/arm-none-eabi/4.8.3/armv6-m\libgcc.a
LOAD e:/logiciels/arduino/portable/packages/arduino/tools/arm-none-eabi-gcc/4.8.3-2014q1/bin/../lib/gcc/arm-none-eabi/4.8.3/../../../../arm-none-eabi/lib/armv6-m\libc_s.a
LOAD e:/logiciels/arduino/portable/packages/arduino/tools/arm-none-eabi-gcc/4.8.3-2014q1/bin/../lib/gcc/arm-none-eabi/4.8.3/../../../../arm-none-eabi/lib/armv6-m\libnosys.a
END GROUP
LOAD e:/logiciels/arduino/portable/packages/arduino/tools/arm-none-eabi-gcc/4.8.3-2014q1/bin/../lib/gcc/arm-none-eabi/4.8.3/armv6-m/crtend.o
LOAD e:/logiciels/arduino/portable/packages/arduino/tools/arm-none-eabi-gcc/4.8.3-2014q1/bin/../lib/gcc/arm-none-eabi/4.8.3/armv6-m/crtn.o

.text           0x00004000     0xd27c
                0x00004000                __text_start__ = .
 *(.sketch_boot)
                0x00004000                . = ALIGN (0x4000)
 *(.isr_vector)
 .isr_vector    0x00004000       0xb4 e:\Logiciels\arduino\portable\sketchbook\asteroid\build/core\core.a(cortex_handlers.c.o)
                0x00004000                exception_table
 *(.text*)
 .text          0x000040b4       0x60 e:/logiciels/arduino/portable/packages/arduino/tools/arm-none-eabi-gcc/4.8.3-2014q1/bin/../lib/gcc/arm-none-eabi/4.8.3/armv6-m/crtbegin.o
 .text.setup    0x00004114       0x10 e:\Logiciels\arduino\portable\sketchbook\asteroid\build\sketch\asteroid.ino.cpp.o
                0x00004114                setup
 .text.loop     0x00004124       0xf0 e:\Logiciels\arduino\portable\sketchbook\asteroid\build\sketch\asteroid.ino.cpp.o
                0x00004124                loop
 .text._ZN4File9availableEv
                0x00004214       0x1c e:\Logiciels\arduino\portable\sketchbook\asteroid\build\libraries\Gamebuino_META\Gamebuino-Meta.cpp.o
                0x00004214                File::available()
 .text._ZN4File5writeEPKhj
                0x00004230        0xa e:\Logiciels\arduino\portable\sketchbook\asteroid\build\libraries\Gamebuino_META\Gamebuino-Meta.cpp.o
                0x00004230                File::write(unsigned char const*, unsigned int)
 .text._ZN4File5flushEv
                0x0000423a        0xa e:\Logiciels\arduino\portable\sketchbook\asteroid\build\libraries\Gamebuino_META\Gamebuino-Meta.cpp.o
                0x0000423a                File::flush()
 .text._ZN4File4peekEv
                0x00004244        0xa e:\Logiciels\arduino\portable\sketchbook\asteroid\build\libraries\Gamebuino_META\Gamebuino-Meta.cpp.o
                0x00004244                File::peek()
 .text._ZN4File4readEv
                0x0000424e       0x1e e:\Logiciels\arduino\portable\sketchbook\asteroid\build\libraries\Gamebuino_META\Gamebuino-Meta.cpp.o
                0x0000424e                File::read()
 .text._ZN9SdFatBase9readBlockEmPh
                0x0000426c        0xe e:\Logiciels\arduino\portable\sketchbook\asteroid\build\libraries\Gamebuino_META\Gamebuino-Meta.cpp.o
                0x0000426c                SdFatBase::readBlock(unsigned long, unsigned char*)
 .text._ZN9SdFatBase10writeBlockEmPKh
                0x0000427a        0xe e:\Logiciels\arduino\portable\sketchbook\asteroid\build\libraries\Gamebuino_META\Gamebuino-Meta.cpp.o
                0x0000427a                SdFatBase::writeBlock(unsigned long, unsigned char const*)
 .text._ZN9SdFatBase10readBlocksEmPhj
                0x00004288        0xe e:\Logiciels\arduino\portable\sketchbook\asteroid\build\libraries\Gamebuino_META\Gamebuino-Meta.cpp.o
                0x00004288                SdFatBase::readBlocks(unsigned long, unsigned char*, unsigned int)
 .text._ZN9SdFatBase11writeBlocksEmPKhj
                0x00004296        0xe e:\Logiciels\arduino\portable\sketchbook\asteroid\build\libraries\Gamebuino_META\Gamebuino-Meta.cpp.o
                0x00004296                SdFatBase::writeBlocks(unsigned long, unsigned char const*, unsigned int)
 .text._ZN14Gamebuino_Meta14Display_ST7735D2Ev
                0x000042a4       0x14 e:\Logiciels\arduino\portable\sketchbook\asteroid\build\libraries\Gamebuino_META\Gamebuino-Meta.cpp.o
                0x000042a4                Gamebuino_Meta::Display_ST7735::~Display_ST7735()
                0x000042a4                Gamebuino_Meta::Display_ST7735::~Display_ST7735()
 .text._ZN14Gamebuino_Meta14Display_ST7735D0Ev
                0x000042b8       0x12 e:\Logiciels\arduino\portable\sketchbook\asteroid\build\libraries\Gamebuino_META\Gamebuino-Meta.cpp.o
                0x000042b8                Gamebuino_Meta::Display_ST7735::~Display_ST7735()
 .text._ZN4File5writeEh
                0x000042ca       0x14 e:\Logiciels\arduino\portable\sketchbook\asteroid\build\libraries\Gamebuino_META\Gamebuino-Meta.cpp.o
                0x000042ca                File::write(unsigned char)
 .text._ZN7FatFile6existsEPKc
                0x000042de       0x1c e:\Logiciels\arduino\portable\sketchbook\asteroid\build\libraries\Gamebuino_META\Gamebuino-Meta.cpp.o
                0x000042de                FatFile::exists(char const*)
 *fill*         0x000042fa        0x2 
 .text._ZN7FatFile6setCwdEPS_
                0x000042fc       0x18 e:\Logiciels\arduino\portable\sketchbook\asteroid\build\libraries\Gamebuino_META\Gamebuino-Meta.cpp.o
                0x000042fc                FatFile::setCwd(FatFile*)
 .text._ZN14Gamebuino_Meta4SaveaSEOS0_
                0x00004314       0x5c e:\Logiciels\arduino\portable\sketchbook\asteroid\build\libraries\Gamebuino_META\Gamebuino-Meta.cpp.o
                0x00004314                Gamebuino_Meta::Save::operator=(Gamebuino_Meta::Save&&)
 .text._ZN14Gamebuino_Meta9Gamebuino13updateDisplayEv
                0x00004370       0x2a e:\Logiciels\arduino\portable\sketchbook\asteroid\build\libraries\Gamebuino_META\Gamebuino-Meta.cpp.o
                0x00004370                Gamebuino_Meta::Gamebuino::updateDisplay()
 .text._ZN14Gamebuino_Meta9Gamebuino14pickRandomSeedEv
                0x0000439a       0x26 e:\Logiciels\arduino\portable\sketchbook\asteroid\build\libraries\Gamebuino_META\Gamebuino-Meta.cpp.o
                0x0000439a                Gamebuino_Meta::Gamebuino::pickRandomSeed()
 .text._ZN14Gamebuino_Meta17Hook_ExitHomeMenuEv
                0x000043c0        0x2 e:\Logiciels\arduino\portable\sketchbook\asteroid\build\libraries\Gamebuino_META\Gamebuino-Meta.cpp.o
                0x000043c0                Gamebuino_Meta::Hook_ExitHomeMenu()
 *fill*         0x000043c2        0x2 
 .text._ZN14Gamebuino_Meta21homeMenuGetUniquePathEPchh
                0x000043c4      0x158 e:\Logiciels\arduino\portable\sketchbook\asteroid\build\libraries\Gamebuino_META\Gamebuino-Meta.cpp.o
                0x000043c4                Gamebuino_Meta::homeMenuGetUniquePath(char*, unsigned char, unsigned char)
 .text._ZN14Gamebuino_Meta9Gamebuino10changeGameEv
                0x0000451c       0x18 e:\Logiciels\arduino\portable\sketchbook\asteroid\build\libraries\Gamebuino_META\Gamebuino-Meta.cpp.o
                0x0000451c                Gamebuino_Meta::Gamebuino::changeGame()
 .text._ZN14Gamebuino_Meta9Gamebuino8homeMenuEv
                0x00004534      0x8c8 e:\Logiciels\arduino\portable\sketchbook\asteroid\build\libraries\Gamebuino_META\Gamebuino-Meta.cpp.o
                0x00004534                Gamebuino_Meta::Gamebuino::homeMenu()
 .text._ZN14Gamebuino_Meta9Gamebuino13checkHomeMenuEv
                0x00004dfc      0x178 e:\Logiciels\arduino\portable\sketchbook\asteroid\build\libraries\Gamebuino_META\Gamebuino-Meta.cpp.o
                0x00004dfc                Gamebuino_Meta::Gamebuino::checkHomeMenu()
 .text._ZN14Gamebuino_Meta9Gamebuino6updateEv
                0x00004f74      0x170 e:\Logiciels\arduino\portable\sketchbook\asteroid\build\libraries\Gamebuino_META\Gamebuino-Meta.cpp.o
                0x00004f74                Gamebuino_Meta::Gamebuino::update()
 .text.yield    0x000050e4       0x2c e:\Logiciels\arduino\portable\sketchbook\asteroid\build\libraries\Gamebuino_META\Gamebuino-Meta.cpp.o
                0x000050e4                yield
 .text.startup._GLOBAL__sub_I_SD
                0x00005110      0x138 e:\Logiciels\arduino\portable\sketchbook\asteroid\build\libraries\Gamebuino_META\Gamebuino-Meta.cpp.o
 .text._ZN14Gamebuino_Meta9Gamebuino8drawLogoERNS_8GraphicsEaah
                0x00005248       0x60 e:\Logiciels\arduino\portable\sketchbook\asteroid\build\libraries\Gamebuino_META\Gamebuino-Meta.cpp.o
                0x00005248                Gamebuino_Meta::Gamebuino::drawLogo(Gamebuino_Meta::Graphics&, signed char, signed char, unsigned char)
 .text._ZN14Gamebuino_Meta9GamebuinoD2Ev
                0x000052a8       0x2a e:\Logiciels\arduino\portable\sketchbook\asteroid\build\libraries\Gamebuino_META\Gamebuino-Meta.cpp.o
                0x000052a8                Gamebuino_Meta::Gamebuino::~Gamebuino()
                0x000052a8                Gamebuino_Meta::Gamebuino::~Gamebuino()
 *fill*         0x000052d2        0x2 
 .text._ZN14Gamebuino_Meta9Gamebuino11startScreenEv
                0x000052d4       0x94 e:\Logiciels\arduino\portable\sketchbook\asteroid\build\libraries\Gamebuino_META\Gamebuino-Meta.cpp.o
                0x000052d4                Gamebuino_Meta::Gamebuino::startScreen()
 .text._ZN14Gamebuino_Meta9Gamebuino11titleScreenEv
                0x00005368      0x1c0 e:\Logiciels\arduino\portable\sketchbook\asteroid\build\libraries\Gamebuino_META\Gamebuino-Meta.cpp.o
                0x00005368                Gamebuino_Meta::Gamebuino::titleScreen()
 .text._ZN14Gamebuino_Meta9Gamebuino5beginEv
                0x00005528      0x340 e:\Logiciels\arduino\portable\sketchbook\asteroid\build\libraries\Gamebuino_META\Gamebuino-Meta.cpp.o
                0x00005528                Gamebuino_Meta::Gamebuino::begin()
 .text._ZN17Adafruit_NeoPixelD2Ev
                0x00005868       0x20 e:\Logiciels\arduino\portable\sketchbook\asteroid\build\libraries\Gamebuino_META\utility\Adafruit_NeoPixel\Adafruit_NeoPixel.cpp.o
                0x00005868                Adafruit_NeoPixel::~Adafruit_NeoPixel()
                0x00005868                Adafruit_NeoPixel::~Adafruit_NeoPixel()
 .text._ZN17Adafruit_NeoPixel5beginEv
                0x00005888       0x22 e:\Logiciels\arduino\portable\sketchbook\asteroid\build\libraries\Gamebuino_META\utility\Adafruit_NeoPixel\Adafruit_NeoPixel.cpp.o
                0x00005888                Adafruit_NeoPixel::begin()
 .text._ZN17Adafruit_NeoPixel12updateLengthEt
                0x000058aa       0x40 e:\Logiciels\arduino\portable\sketchbook\asteroid\build\libraries\Gamebuino_META\utility\Adafruit_NeoPixel\Adafruit_NeoPixel.cpp.o
                0x000058aa                Adafruit_NeoPixel::updateLength(unsigned short)
 .text._ZN17Adafruit_NeoPixel10updateTypeEt
                0x000058ea       0x48 e:\Logiciels\arduino\portable\sketchbook\asteroid\build\libraries\Gamebuino_META\utility\Adafruit_NeoPixel\Adafruit_NeoPixel.cpp.o
                0x000058ea                Adafruit_NeoPixel::updateType(unsigned short)
 *fill*         0x00005932        0x2 
 .text._ZN17Adafruit_NeoPixel4showEv
                0x00005934       0xec e:\Logiciels\arduino\portable\sketchbook\asteroid\build\libraries\Gamebuino_META\utility\Adafruit_NeoPixel\Adafruit_NeoPixel.cpp.o
                0x00005934                Adafruit_NeoPixel::show()
 .text._ZN17Adafruit_NeoPixel6setPinEh
                0x00005a20       0x34 e:\Logiciels\arduino\portable\sketchbook\asteroid\build\libraries\Gamebuino_META\utility\Adafruit_NeoPixel\Adafruit_NeoPixel.cpp.o
                0x00005a20                Adafruit_NeoPixel::setPin(unsigned char)
 .text._ZN17Adafruit_NeoPixelC2Etht
                0x00005a54       0x2e e:\Logiciels\arduino\portable\sketchbook\asteroid\build\libraries\Gamebuino_META\utility\Adafruit_NeoPixel\Adafruit_NeoPixel.cpp.o
                0x00005a54                Adafruit_NeoPixel::Adafruit_NeoPixel(unsigned short, unsigned char, unsigned short)
                0x00005a54                Adafruit_NeoPixel::Adafruit_NeoPixel(unsigned short, unsigned char, unsigned short)
 .text._ZN17Adafruit_NeoPixel13setPixelColorEthhh
                0x00005a82       0x46 e:\Logiciels\arduino\portable\sketchbook\asteroid\build\libraries\Gamebuino_META\utility\Adafruit_NeoPixel\Adafruit_NeoPixel.cpp.o
                0x00005a82                Adafruit_NeoPixel::setPixelColor(unsigned short, unsigned char, unsigned char, unsigned char)
 .text._ZNK17Adafruit_NeoPixel9numPixelsEv
                0x00005ac8        0x4 e:\Logiciels\arduino\portable\sketchbook\asteroid\build\libraries\Gamebuino_META\utility\Adafruit_NeoPixel\Adafruit_NeoPixel.cpp.o
                0x00005ac8                Adafruit_NeoPixel::numPixels() const
 .text._ZN17Adafruit_NeoPixel13setBrightnessEh
                0x00005acc       0x50 e:\Logiciels\arduino\portable\sketchbook\asteroid\build\libraries\Gamebuino_META\utility\Adafruit_NeoPixel\Adafruit_NeoPixel.cpp.o
                0x00005acc                Adafruit_NeoPixel::setBrightness(unsigned char)
 .text._ZNK17Adafruit_NeoPixel13getBrightnessEv
                0x00005b1c        0x8 e:\Logiciels\arduino\portable\sketchbook\asteroid\build\libraries\Gamebuino_META\utility\Adafruit_NeoPixel\Adafruit_NeoPixel.cpp.o
                0x00005b1c                Adafruit_NeoPixel::getBrightness() const
 .text._ZN17Adafruit_NeoPixel5clearEv
                0x00005b24        0xe e:\Logiciels\arduino\portable\sketchbook\asteroid\build\libraries\Gamebuino_META\utility\Adafruit_NeoPixel\Adafruit_NeoPixel.cpp.o
                0x00005b24                Adafruit_NeoPixel::clear()
 *fill*         0x00005b32        0x2 
 .text._ZN14Gamebuino_Meta22cpu_irq_enter_criticalEv
                0x00005b34       0x30 e:\Logiciels\arduino\portable\sketchbook\asteroid\build\libraries\Gamebuino_META\utility\Adafruit_ZeroDMA\Adafruit_ZeroDMA.cpp.o
                0x00005b34                Gamebuino_Meta::cpu_irq_enter_critical()
 .text._ZN14Gamebuino_Meta22cpu_irq_leave_criticalEv
                0x00005b64       0x2c e:\Logiciels\arduino\portable\sketchbook\asteroid\build\libraries\Gamebuino_META\utility\Adafruit_ZeroDMA\Adafruit_ZeroDMA.cpp.o
                0x00005b64                Gamebuino_Meta::cpu_irq_leave_critical()
 .text._ZN14Gamebuino_Meta16Adafruit_ZeroDMAC2Ev
                0x00005b90       0x22 e:\Logiciels\arduino\portable\sketchbook\asteroid\build\libraries\Gamebuino_META\utility\Adafruit_ZeroDMA\Adafruit_ZeroDMA.cpp.o
                0x00005b90                Gamebuino_Meta::Adafruit_ZeroDMA::Adafruit_ZeroDMA()
                0x00005b90                Gamebuino_Meta::Adafruit_ZeroDMA::Adafruit_ZeroDMA()
 *fill*         0x00005bb2        0x2 
 .text._ZN14Gamebuino_Meta16Adafruit_ZeroDMA11_IRQhandlerEh
                0x00005bb4       0x44 e:\Logiciels\arduino\portable\sketchbook\asteroid\build\libraries\Gamebuino_META\utility\Adafruit_ZeroDMA\Adafruit_ZeroDMA.cpp.o
                0x00005bb4                Gamebuino_Meta::Adafruit_ZeroDMA::_IRQhandler(unsigned char)
 .text.DMAC_Handler
                0x00005bf8       0x48 e:\Logiciels\arduino\portable\sketchbook\asteroid\build\libraries\Gamebuino_META\utility\Adafruit_ZeroDMA\Adafruit_ZeroDMA.cpp.o
                0x00005bf8                DMAC_Handler
 .text._ZN14Gamebuino_Meta16Adafruit_ZeroDMA8allocateEv
                0x00005c40      0x138 e:\Logiciels\arduino\portable\sketchbook\asteroid\build\libraries\Gamebuino_META\utility\Adafruit_ZeroDMA\Adafruit_ZeroDMA.cpp.o
                0x00005c40                Gamebuino_Meta::Adafruit_ZeroDMA::allocate()
 .text._ZN14Gamebuino_Meta16Adafruit_ZeroDMA8startJobEv
                0x00005d78       0x90 e:\Logiciels\arduino\portable\sketchbook\asteroid\build\libraries\Gamebuino_META\utility\Adafruit_ZeroDMA\Adafruit_ZeroDMA.cpp.o
                0x00005d78                Gamebuino_Meta::Adafruit_ZeroDMA::startJob()
 .text._ZN14Gamebuino_Meta16Adafruit_ZeroDMA11setCallbackEPFvPS0_ENS_17dma_callback_typeE
                0x00005e08        0x8 e:\Logiciels\arduino\portable\sketchbook\asteroid\build\libraries\Gamebuino_META\utility\Adafruit_ZeroDMA\Adafruit_ZeroDMA.cpp.o
                0x00005e08                Gamebuino_Meta::Adafruit_ZeroDMA::setCallback(void (*)(Gamebuino_Meta::Adafruit_ZeroDMA*), Gamebuino_Meta::dma_callback_type)
 .text._ZN14Gamebuino_Meta16Adafruit_ZeroDMA10setTriggerEh
                0x00005e10       0x48 e:\Logiciels\arduino\portable\sketchbook\asteroid\build\libraries\Gamebuino_META\utility\Adafruit_ZeroDMA\Adafruit_ZeroDMA.cpp.o
                0x00005e10                Gamebuino_Meta::Adafruit_ZeroDMA::setTrigger(unsigned char)
 .text._ZN14Gamebuino_Meta16Adafruit_ZeroDMA9setActionENS_27dma_transfer_trigger_actionE
                0x00005e58       0x48 e:\Logiciels\arduino\portable\sketchbook\asteroid\build\libraries\Gamebuino_META\utility\Adafruit_ZeroDMA\Adafruit_ZeroDMA.cpp.o
                0x00005e58                Gamebuino_Meta::Adafruit_ZeroDMA::setAction(Gamebuino_Meta::dma_transfer_trigger_action)
 .text._ZN14Gamebuino_Meta16Adafruit_ZeroDMA13addDescriptorEPvS1_mNS_13dma_beat_sizeEbbmb
                0x00005ea0      0x160 e:\Logiciels\arduino\portable\sketchbook\asteroid\build\libraries\Gamebuino_META\utility\Adafruit_ZeroDMA\Adafruit_ZeroDMA.cpp.o
                0x00005ea0                Gamebuino_Meta::Adafruit_ZeroDMA::addDescriptor(void*, void*, unsigned long, Gamebuino_Meta::dma_beat_size, bool, bool, unsigned long, bool)
 .text._ZN14Gamebuino_Meta16Adafruit_ZeroDMA16changeDescriptorEP14DmacDescriptorPvS3_m
                0x00006000       0x80 e:\Logiciels\arduino\portable\sketchbook\asteroid\build\libraries\Gamebuino_META\utility\Adafruit_ZeroDMA\Adafruit_ZeroDMA.cpp.o
                0x00006000                Gamebuino_Meta::Adafruit_ZeroDMA::changeDescriptor(DmacDescriptor*, void*, void*, unsigned long)
 .text._ZN14Gamebuino_Meta16Adafruit_ZeroDMA4loopEb
                0x00006080       0x34 e:\Logiciels\arduino\portable\sketchbook\asteroid\build\libraries\Gamebuino_META\utility\Adafruit_ZeroDMA\Adafruit_ZeroDMA.cpp.o
                0x00006080                Gamebuino_Meta::Adafruit_ZeroDMA::loop(bool)
 .text._ZN14Gamebuino_Meta10Bootloader6loaderEv
                0x000060b4       0x10 e:\Logiciels\arduino\portable\sketchbook\asteroid\build\libraries\Gamebuino_META\utility\Bootloader\Bootloader.cpp.o
                0x000060b4                Gamebuino_Meta::Bootloader::loader()
 .text._ZN14Gamebuino_Meta10Bootloader5errorEt
                0x000060c4       0x28 e:\Logiciels\arduino\portable\sketchbook\asteroid\build\libraries\Gamebuino_META\utility\Bootloader\Bootloader.cpp.o
                0x000060c4                Gamebuino_Meta::Bootloader::error(unsigned short)
 .text.NMI_Handler
                0x000060ec       0x10 e:\Logiciels\arduino\portable\sketchbook\asteroid\build\libraries\Gamebuino_META\utility\Bootloader\Bootloader.cpp.o
                0x000060ec                NMI_Handler
 .text.HardFault_Handler
                0x000060fc       0x10 e:\Logiciels\arduino\portable\sketchbook\asteroid\build\libraries\Gamebuino_META\utility\Bootloader\Bootloader.cpp.o
                0x000060fc                HardFault_Handler
 .text._ZN14Gamebuino_Meta7Buttons5beginEv
                0x0000610c       0x20 e:\Logiciels\arduino\portable\sketchbook\asteroid\build\libraries\Gamebuino_META\utility\Buttons\Buttons.cpp.o
                0x0000610c                Gamebuino_Meta::Buttons::begin()
 .text._ZN14Gamebuino_Meta7Buttons6updateEv
                0x0000612c       0x94 e:\Logiciels\arduino\portable\sketchbook\asteroid\build\libraries\Gamebuino_META\utility\Buttons\Buttons.cpp.o
                0x0000612c                Gamebuino_Meta::Buttons::update()
 .text._ZN14Gamebuino_Meta7Buttons7pressedENS_6ButtonE
                0x000061c0        0xe e:\Logiciels\arduino\portable\sketchbook\asteroid\build\libraries\Gamebuino_META\utility\Buttons\Buttons.cpp.o
                0x000061c0                Gamebuino_Meta::Buttons::pressed(Gamebuino_Meta::Button)
 *fill*         0x000061ce        0x2 
 .text._ZN14Gamebuino_Meta7Buttons8releasedENS_6ButtonE
                0x000061d0       0x14 e:\Logiciels\arduino\portable\sketchbook\asteroid\build\libraries\Gamebuino_META\utility\Buttons\Buttons.cpp.o
                0x000061d0                Gamebuino_Meta::Buttons::released(Gamebuino_Meta::Button)
 .text._ZN14Gamebuino_Meta7Buttons4heldENS_6ButtonEt
                0x000061e4       0x10 e:\Logiciels\arduino\portable\sketchbook\asteroid\build\libraries\Gamebuino_META\utility\Buttons\Buttons.cpp.o
                0x000061e4                Gamebuino_Meta::Buttons::held(Gamebuino_Meta::Button, unsigned short)
 .text._ZN14Gamebuino_Meta7Buttons6repeatENS_6ButtonEt
                0x000061f4       0x40 e:\Logiciels\arduino\portable\sketchbook\asteroid\build\libraries\Gamebuino_META\utility\Buttons\Buttons.cpp.o
                0x000061f4                Gamebuino_Meta::Buttons::repeat(Gamebuino_Meta::Button, unsigned short)
 .text._ZN14Gamebuino_MetaL23wait_for_transfers_doneEv
                0x00006234       0x10 e:\Logiciels\arduino\portable\sketchbook\asteroid\build\libraries\Gamebuino_META\utility\Display-ST7735\Display-ST7735.cpp.o
 .text._ZN14Gamebuino_Meta24dma_tft_suspend_callbackEPNS_16Adafruit_ZeroDMAE
                0x00006244       0x20 e:\Logiciels\arduino\portable\sketchbook\asteroid\build\libraries\Gamebuino_META\utility\Display-ST7735\Display-ST7735.cpp.o
                0x00006244                Gamebuino_Meta::dma_tft_suspend_callback(Gamebuino_Meta::Adafruit_ZeroDMA*)
 .text._ZN14Gamebuino_Meta21dma_tft_done_callbackEPNS_16Adafruit_ZeroDMAE
                0x00006264       0x24 e:\Logiciels\arduino\portable\sketchbook\asteroid\build\libraries\Gamebuino_META\utility\Display-ST7735\Display-ST7735.cpp.o
                0x00006264                Gamebuino_Meta::dma_tft_done_callback(Gamebuino_Meta::Adafruit_ZeroDMA*)
 .text._ZN14Gamebuino_Meta14Display_ST77358spiwriteEh.isra.2
                0x00006288       0x10 e:\Logiciels\arduino\portable\sketchbook\asteroid\build\libraries\Gamebuino_META\utility\Display-ST7735\Display-ST7735.cpp.o
 .text._ZN14Gamebuino_Meta14Display_ST7735C2Eaa
                0x00006298       0x28 e:\Logiciels\arduino\portable\sketchbook\asteroid\build\libraries\Gamebuino_META\utility\Display-ST7735\Display-ST7735.cpp.o
                0x00006298                Gamebuino_Meta::Display_ST7735::Display_ST7735(signed char, signed char)
                0x00006298                Gamebuino_Meta::Display_ST7735::Display_ST7735(signed char, signed char)
 .text._ZN14Gamebuino_Meta14Display_ST773510commonInitEv
                0x000062c0       0x78 e:\Logiciels\arduino\portable\sketchbook\asteroid\build\libraries\Gamebuino_META\utility\Display-ST7735\Display-ST7735.cpp.o
                0x000062c0                Gamebuino_Meta::Display_ST7735::commonInit()
 .text._ZN14Gamebuino_Meta14Display_ST773510sendBufferEPtt
                0x00006338       0x7c e:\Logiciels\arduino\portable\sketchbook\asteroid\build\libraries\Gamebuino_META\utility\Display-ST7735\Display-ST7735.cpp.o
                0x00006338                Gamebuino_Meta::Display_ST7735::sendBuffer(unsigned short*, unsigned short)
 .text._ZN14Gamebuino_Meta14Display_ST77358dataModeEv
                0x000063b4       0x16 e:\Logiciels\arduino\portable\sketchbook\asteroid\build\libraries\Gamebuino_META\utility\Display-ST7735\Display-ST7735.cpp.o
                0x000063b4                Gamebuino_Meta::Display_ST7735::dataMode()
 .text._ZN14Gamebuino_Meta14Display_ST773511commandModeEv
                0x000063ca       0x16 e:\Logiciels\arduino\portable\sketchbook\asteroid\build\libraries\Gamebuino_META\utility\Display-ST7735\Display-ST7735.cpp.o
                0x000063ca                Gamebuino_Meta::Display_ST7735::commandMode()
 .text._ZN14Gamebuino_Meta14Display_ST77358idleModeEv
                0x000063e0        0xc e:\Logiciels\arduino\portable\sketchbook\asteroid\build\libraries\Gamebuino_META\utility\Display-ST7735\Display-ST7735.cpp.o
                0x000063e0                Gamebuino_Meta::Display_ST7735::idleMode()
 .text._ZN14Gamebuino_Meta14Display_ST773512writecommandEh
                0x000063ec       0x34 e:\Logiciels\arduino\portable\sketchbook\asteroid\build\libraries\Gamebuino_META\utility\Display-ST7735\Display-ST7735.cpp.o
                0x000063ec                Gamebuino_Meta::Display_ST7735::writecommand(unsigned char)
 .text._ZN14Gamebuino_Meta14Display_ST773513invertDisplayEb
                0x00006420       0x10 e:\Logiciels\arduino\portable\sketchbook\asteroid\build\libraries\Gamebuino_META\utility\Display-ST7735\Display-ST7735.cpp.o
                0x00006420                Gamebuino_Meta::Display_ST7735::invertDisplay(bool)
 .text._ZN14Gamebuino_Meta14Display_ST77359writedataEh
                0x00006430       0x34 e:\Logiciels\arduino\portable\sketchbook\asteroid\build\libraries\Gamebuino_META\utility\Display-ST7735\Display-ST7735.cpp.o
                0x00006430                Gamebuino_Meta::Display_ST7735::writedata(unsigned char)
 .text._ZN14Gamebuino_Meta14Display_ST773513setAddrWindowEhhhh
                0x00006464       0x66 e:\Logiciels\arduino\portable\sketchbook\asteroid\build\libraries\Gamebuino_META\utility\Display-ST7735\Display-ST7735.cpp.o
                0x00006464                Gamebuino_Meta::Display_ST7735::setAddrWindow(unsigned char, unsigned char, unsigned char, unsigned char)
 *fill*         0x000064ca        0x2 
 .text._ZN14Gamebuino_Meta14Display_ST773511commandListEPKh
                0x000064cc       0x8c e:\Logiciels\arduino\portable\sketchbook\asteroid\build\libraries\Gamebuino_META\utility\Display-ST7735\Display-ST7735.cpp.o
                0x000064cc                Gamebuino_Meta::Display_ST7735::commandList(unsigned char const*)
 .text._ZN14Gamebuino_Meta14Display_ST77354initEv
                0x00006558       0xdc e:\Logiciels\arduino\portable\sketchbook\asteroid\build\libraries\Gamebuino_META\utility\Display-ST7735\Display-ST7735.cpp.o
                0x00006558                Gamebuino_Meta::Display_ST7735::init()
 .text._ZN14Gamebuino_Meta14Display_ST773516drawBufferedLineEssPttRNS_5ImageE
                0x00006634       0x8c e:\Logiciels\arduino\portable\sketchbook\asteroid\build\libraries\Gamebuino_META\utility\Display-ST7735\Display-ST7735.cpp.o
                0x00006634                Gamebuino_Meta::Display_ST7735::drawBufferedLine(short, short, unsigned short*, unsigned short, Gamebuino_Meta::Image&)
 .text._ZN14Gamebuino_Meta14Display_ST773510_drawPixelEss
                0x000066c0       0x6c e:\Logiciels\arduino\portable\sketchbook\asteroid\build\libraries\Gamebuino_META\utility\Display-ST7735\Display-ST7735.cpp.o
                0x000066c0                Gamebuino_Meta::Display_ST7735::_drawPixel(short, short)
 .text._ZN14Gamebuino_Meta14Display_ST773513drawFastVLineEsss
                0x0000672c       0x88 e:\Logiciels\arduino\portable\sketchbook\asteroid\build\libraries\Gamebuino_META\utility\Display-ST7735\Display-ST7735.cpp.o
                0x0000672c                Gamebuino_Meta::Display_ST7735::drawFastVLine(short, short, short)
 .text._ZN14Gamebuino_Meta14Display_ST773513drawFastHLineEsss
                0x000067b4       0x84 e:\Logiciels\arduino\portable\sketchbook\asteroid\build\libraries\Gamebuino_META\utility\Display-ST7735\Display-ST7735.cpp.o
                0x000067b4                Gamebuino_Meta::Display_ST7735::drawFastHLine(short, short, short)
 .text._ZN14Gamebuino_Meta14Display_ST77358fillRectEssss
                0x00006838       0xb0 e:\Logiciels\arduino\portable\sketchbook\asteroid\build\libraries\Gamebuino_META\utility\Display-ST7735\Display-ST7735.cpp.o
                0x00006838                Gamebuino_Meta::Display_ST7735::fillRect(short, short, short, short)
 .text._ZN14Gamebuino_Meta15bufferIndexLineEPtS0_st
                0x000068e8       0x68 e:\Logiciels\arduino\portable\sketchbook\asteroid\build\libraries\Gamebuino_META\utility\Display-ST7735\Display-ST7735.cpp.o
                0x000068e8                Gamebuino_Meta::bufferIndexLine(unsigned short*, unsigned short*, short, unsigned short)
 .text._ZN14Gamebuino_Meta14Display_ST773511setRotationENS_8RotationE
                0x00006950       0x60 e:\Logiciels\arduino\portable\sketchbook\asteroid\build\libraries\Gamebuino_META\utility\Display-ST7735\Display-ST7735.cpp.o
                0x00006950                Gamebuino_Meta::Display_ST7735::setRotation(Gamebuino_Meta::Rotation)
 .text._ZN14Gamebuino_Meta14Display_ST773511getRotationEv
                0x000069b0        0x4 e:\Logiciels\arduino\portable\sketchbook\asteroid\build\libraries\Gamebuino_META\utility\Display-ST7735\Display-ST7735.cpp.o
                0x000069b0                Gamebuino_Meta::Display_ST7735::getRotation()
 .text.startup._GLOBAL__sub_I__ZN14Gamebuino_Meta7tftDescE
                0x000069b4       0x24 e:\Logiciels\arduino\portable\sketchbook\asteroid\build\libraries\Gamebuino_META\utility\Display-ST7735\Display-ST7735.cpp.o
 .text._ZN14Gamebuino_Meta14Display_ST77359drawImageEssRNS_5ImageE
                0x000069d8      0x168 e:\Logiciels\arduino\portable\sketchbook\asteroid\build\libraries\Gamebuino_META\utility\Display-ST7735\Display-ST7735.cpp.o
                0x000069d8                Gamebuino_Meta::Display_ST7735::drawImage(short, short, Gamebuino_Meta::Image&)
 .text._ZN14Gamebuino_Meta14Display_ST77359drawImageEssRNS_5ImageEss
                0x00006b40      0x1e8 e:\Logiciels\arduino\portable\sketchbook\asteroid\build\libraries\Gamebuino_META\utility\Display-ST7735\Display-ST7735.cpp.o
                0x00006b40                Gamebuino_Meta::Display_ST7735::drawImage(short, short, Gamebuino_Meta::Image&, short, short)
 .text._ZN14Gamebuino_Meta8GraphicsD2Ev
                0x00006d28        0xc e:\Logiciels\arduino\portable\sketchbook\asteroid\build\libraries\Gamebuino_META\utility\Graphics\Graphics.cpp.o
                0x00006d28                Gamebuino_Meta::Graphics::~Graphics()
                0x00006d28                Gamebuino_Meta::Graphics::~Graphics()
 .text._ZN14Gamebuino_Meta8Graphics8drawRectEssss
                0x00006d34       0x5a e:\Logiciels\arduino\portable\sketchbook\asteroid\build\libraries\Gamebuino_META\utility\Graphics\Graphics.cpp.o
                0x00006d34                Gamebuino_Meta::Graphics::drawRect(short, short, short, short)
 .text._ZN14Gamebuino_Meta8Graphics13drawFastVLineEsss
                0x00006d8e       0x26 e:\Logiciels\arduino\portable\sketchbook\asteroid\build\libraries\Gamebuino_META\utility\Graphics\Graphics.cpp.o
                0x00006d8e                Gamebuino_Meta::Graphics::drawFastVLine(short, short, short)
 .text._ZN14Gamebuino_Meta8Graphics13drawFastHLineEsss
                0x00006db4       0x20 e:\Logiciels\arduino\portable\sketchbook\asteroid\build\libraries\Gamebuino_META\utility\Graphics\Graphics.cpp.o
                0x00006db4                Gamebuino_Meta::Graphics::drawFastHLine(short, short, short)
 .text._ZN14Gamebuino_Meta8Graphics8fillRectEssss
                0x00006dd4       0x34 e:\Logiciels\arduino\portable\sketchbook\asteroid\build\libraries\Gamebuino_META\utility\Graphics\Graphics.cpp.o
                0x00006dd4                Gamebuino_Meta::Graphics::fillRect(short, short, short, short)
 .text._ZN14Gamebuino_Meta8Graphics5_fillEv
                0x00006e08       0x18 e:\Logiciels\arduino\portable\sketchbook\asteroid\build\libraries\Gamebuino_META\utility\Graphics\Graphics.cpp.o
                0x00006e08                Gamebuino_Meta::Graphics::_fill()
 .text._ZN14Gamebuino_Meta8Graphics10drawBitmapEaaPKha
                0x00006e20       0xd2 e:\Logiciels\arduino\portable\sketchbook\asteroid\build\libraries\Gamebuino_META\utility\Graphics\Graphics.cpp.o
                0x00006e20                Gamebuino_Meta::Graphics::drawBitmap(signed char, signed char, unsigned char const*, signed char)
 *fill*         0x00006ef2        0x2 
 .text._ZN14Gamebuino_Meta8Graphics5writeEh
                0x00006ef4      0x184 e:\Logiciels\arduino\portable\sketchbook\asteroid\build\libraries\Gamebuino_META\utility\Graphics\Graphics.cpp.o
                0x00006ef4                Gamebuino_Meta::Graphics::write(unsigned char)
 .text._ZN14Gamebuino_Meta8Graphics13invertDisplayEb
                0x00007078        0x2 e:\Logiciels\arduino\portable\sketchbook\asteroid\build\libraries\Gamebuino_META\utility\Graphics\Graphics.cpp.o
                0x00007078                Gamebuino_Meta::Graphics::invertDisplay(bool)
 *fill*         0x0000707a        0x2 
 .text._ZN14Gamebuino_Meta8GraphicsD0Ev
                0x0000707c       0x18 e:\Logiciels\arduino\portable\sketchbook\asteroid\build\libraries\Gamebuino_META\utility\Graphics\Graphics.cpp.o
                0x0000707c                Gamebuino_Meta::Graphics::~Graphics()
 .text._ZN14Gamebuino_Meta8Graphics9drawImageEssRNS_5ImageEss
                0x00007094      0x368 e:\Logiciels\arduino\portable\sketchbook\asteroid\build\libraries\Gamebuino_META\utility\Graphics\Graphics.cpp.o
                0x00007094                Gamebuino_Meta::Graphics::drawImage(short, short, Gamebuino_Meta::Image&, short, short)
 .text._ZN14Gamebuino_Meta8Graphics10indexTo565EPtPhPNS_5ColorEtb
                0x000073fc       0x38 e:\Logiciels\arduino\portable\sketchbook\asteroid\build\libraries\Gamebuino_META\utility\Graphics\Graphics.cpp.o
                0x000073fc                Gamebuino_Meta::Graphics::indexTo565(unsigned short*, unsigned char*, Gamebuino_Meta::Color*, unsigned short, bool)
 .text._ZN14Gamebuino_Meta8Graphics13rgb565ToIndexENS_5ColorE
                0x00007434       0x9c e:\Logiciels\arduino\portable\sketchbook\asteroid\build\libraries\Gamebuino_META\utility\Graphics\Graphics.cpp.o
                0x00007434                Gamebuino_Meta::Graphics::rgb565ToIndex(Gamebuino_Meta::Color)
 .text._ZN14Gamebuino_Meta8Graphics4fillEv
                0x000074d0        0xa e:\Logiciels\arduino\portable\sketchbook\asteroid\build\libraries\Gamebuino_META\utility\Graphics\Graphics.cpp.o
                0x000074d0                Gamebuino_Meta::Graphics::fill()
 *fill*         0x000074da        0x2 
 .text._ZN14Gamebuino_Meta8Graphics13drawImageCropEsssssssRNS_5ImageE
                0x000074dc      0x24c e:\Logiciels\arduino\portable\sketchbook\asteroid\build\libraries\Gamebuino_META\utility\Graphics\Graphics.cpp.o
                0x000074dc                Gamebuino_Meta::Graphics::drawImageCrop(short, short, short, short, short, short, short, Gamebuino_Meta::Image&)
 .text._ZN14Gamebuino_Meta8Graphics9drawImageEssRNS_5ImageE
                0x00007728       0xd2 e:\Logiciels\arduino\portable\sketchbook\asteroid\build\libraries\Gamebuino_META\utility\Graphics\Graphics.cpp.o
                0x00007728                Gamebuino_Meta::Graphics::drawImage(short, short, Gamebuino_Meta::Image&)
 .text._ZN14Gamebuino_Meta8Graphics9drawImageEssRNS_5ImageEssss
                0x000077fa      0x118 e:\Logiciels\arduino\portable\sketchbook\asteroid\build\libraries\Gamebuino_META\utility\Graphics\Graphics.cpp.o
                0x000077fa                Gamebuino_Meta::Graphics::drawImage(short, short, Gamebuino_Meta::Image&, short, short, short, short)
 *fill*         0x00007912        0x2 
 .text._ZNK14Gamebuino_Meta8Graphics13getFontHeightEv
                0x00007914        0xc e:\Logiciels\arduino\portable\sketchbook\asteroid\build\libraries\Gamebuino_META\utility\Graphics\Graphics.cpp.o
                0x00007914                Gamebuino_Meta::Graphics::getFontHeight() const
 .text._ZN14Gamebuino_Meta8Graphics9drawPixelEss
                0x00007920        0xa e:\Logiciels\arduino\portable\sketchbook\asteroid\build\libraries\Gamebuino_META\utility\Graphics\Graphics.cpp.o
                0x00007920                Gamebuino_Meta::Graphics::drawPixel(short, short)
 *fill*         0x0000792a        0x2 
 .text._ZN14Gamebuino_Meta8Graphics8drawLineEssss
                0x0000792c       0xc0 e:\Logiciels\arduino\portable\sketchbook\asteroid\build\libraries\Gamebuino_META\utility\Graphics\Graphics.cpp.o
                0x0000792c                Gamebuino_Meta::Graphics::drawLine(short, short, short, short)
 .text._ZN14Gamebuino_Meta8Graphics10drawBitmapEaaPKh
                0x000079ec       0xa8 e:\Logiciels\arduino\portable\sketchbook\asteroid\build\libraries\Gamebuino_META\utility\Graphics\Graphics.cpp.o
                0x000079ec                Gamebuino_Meta::Graphics::drawBitmap(signed char, signed char, unsigned char const*)
 .text._ZN14Gamebuino_Meta8Graphics10drawBitmapEaaPKhhh
                0x00007a94      0x100 e:\Logiciels\arduino\portable\sketchbook\asteroid\build\libraries\Gamebuino_META\utility\Graphics\Graphics.cpp.o
                0x00007a94                Gamebuino_Meta::Graphics::drawBitmap(signed char, signed char, unsigned char const*, unsigned char, unsigned char)
 .text._ZN14Gamebuino_Meta8Graphics8drawCharEsshh
                0x00007b94      0x260 e:\Logiciels\arduino\portable\sketchbook\asteroid\build\libraries\Gamebuino_META\utility\Graphics\Graphics.cpp.o
                0x00007b94                Gamebuino_Meta::Graphics::drawChar(short, short, unsigned char, unsigned char)
 .text._ZN14Gamebuino_Meta8Graphics11setTmpColorENS_10ColorIndexE
                0x00007df4       0x30 e:\Logiciels\arduino\portable\sketchbook\asteroid\build\libraries\Gamebuino_META\utility\Graphics\Graphics.cpp.o
                0x00007df4                Gamebuino_Meta::Graphics::setTmpColor(Gamebuino_Meta::ColorIndex)
 .text._ZN14Gamebuino_Meta8Graphics4fillENS_10ColorIndexE
                0x00007e24       0x1c e:\Logiciels\arduino\portable\sketchbook\asteroid\build\libraries\Gamebuino_META\utility\Graphics\Graphics.cpp.o
                0x00007e24                Gamebuino_Meta::Graphics::fill(Gamebuino_Meta::ColorIndex)
 .text._ZN14Gamebuino_Meta8Graphics11setTmpColorENS_5ColorE
                0x00007e40       0x28 e:\Logiciels\arduino\portable\sketchbook\asteroid\build\libraries\Gamebuino_META\utility\Graphics\Graphics.cpp.o
                0x00007e40                Gamebuino_Meta::Graphics::setTmpColor(Gamebuino_Meta::Color)
 .text._ZN14Gamebuino_Meta8Graphics4fillENS_5ColorE
                0x00007e68       0x1c e:\Logiciels\arduino\portable\sketchbook\asteroid\build\libraries\Gamebuino_META\utility\Graphics\Graphics.cpp.o
                0x00007e68                Gamebuino_Meta::Graphics::fill(Gamebuino_Meta::Color)
 .text._ZN14Gamebuino_Meta8Graphics9drawPixelEssNS_5ColorE
                0x00007e84       0x24 e:\Logiciels\arduino\portable\sketchbook\asteroid\build\libraries\Gamebuino_META\utility\Graphics\Graphics.cpp.o
                0x00007e84                Gamebuino_Meta::Graphics::drawPixel(short, short, Gamebuino_Meta::Color)
 .text._ZN14Gamebuino_Meta8Graphics8setColorENS_10ColorIndexE
                0x00007ea8       0x38 e:\Logiciels\arduino\portable\sketchbook\asteroid\build\libraries\Gamebuino_META\utility\Graphics\Graphics.cpp.o
                0x00007ea8                Gamebuino_Meta::Graphics::setColor(Gamebuino_Meta::ColorIndex)
 .text._ZN14Gamebuino_Meta8Graphics8setColorENS_5ColorE
                0x00007ee0       0x2c e:\Logiciels\arduino\portable\sketchbook\asteroid\build\libraries\Gamebuino_META\utility\Graphics\Graphics.cpp.o
                0x00007ee0                Gamebuino_Meta::Graphics::setColor(Gamebuino_Meta::Color)
 .text._ZN14Gamebuino_Meta8Graphics8setColorENS_10ColorIndexES1_
                0x00007f0c       0x40 e:\Logiciels\arduino\portable\sketchbook\asteroid\build\libraries\Gamebuino_META\utility\Graphics\Graphics.cpp.o
                0x00007f0c                Gamebuino_Meta::Graphics::setColor(Gamebuino_Meta::ColorIndex, Gamebuino_Meta::ColorIndex)
 .text._ZN14Gamebuino_Meta8Graphics8setColorENS_5ColorES1_
                0x00007f4c       0x38 e:\Logiciels\arduino\portable\sketchbook\asteroid\build\libraries\Gamebuino_META\utility\Graphics\Graphics.cpp.o
                0x00007f4c                Gamebuino_Meta::Graphics::setColor(Gamebuino_Meta::Color, Gamebuino_Meta::Color)
 .text._ZN14Gamebuino_Meta8Graphics9setCursorEss
                0x00007f84       0x14 e:\Logiciels\arduino\portable\sketchbook\asteroid\build\libraries\Gamebuino_META\utility\Graphics\Graphics.cpp.o
                0x00007f84                Gamebuino_Meta::Graphics::setCursor(short, short)
 .text._ZN14Gamebuino_Meta8Graphics7setFontEPKh
                0x00007f98       0x30 e:\Logiciels\arduino\portable\sketchbook\asteroid\build\libraries\Gamebuino_META\utility\Graphics\Graphics.cpp.o
                0x00007f98                Gamebuino_Meta::Graphics::setFont(unsigned char const*)
 .text._ZN14Gamebuino_Meta8GraphicsC2Ess
                0x00007fc8       0x64 e:\Logiciels\arduino\portable\sketchbook\asteroid\build\libraries\Gamebuino_META\utility\Graphics\Graphics.cpp.o
                0x00007fc8                Gamebuino_Meta::Graphics::Graphics(short, short)
                0x00007fc8                Gamebuino_Meta::Graphics::Graphics(short, short)
 .text._ZN14Gamebuino_Meta8Graphics13clearTextVarsEv
                0x0000802c       0x34 e:\Logiciels\arduino\portable\sketchbook\asteroid\build\libraries\Gamebuino_META\utility\Graphics\Graphics.cpp.o
                0x0000802c                Gamebuino_Meta::Graphics::clearTextVars()
 .text._ZN14Gamebuino_Meta8Graphics5clearENS_5ColorE
                0x00008060       0x32 e:\Logiciels\arduino\portable\sketchbook\asteroid\build\libraries\Gamebuino_META\utility\Graphics\Graphics.cpp.o
                0x00008060                Gamebuino_Meta::Graphics::clear(Gamebuino_Meta::Color)
 *fill*         0x00008092        0x2 
 .text._ZN14Gamebuino_Meta8Graphics5clearENS_10ColorIndexE
                0x00008094       0x4c e:\Logiciels\arduino\portable\sketchbook\asteroid\build\libraries\Gamebuino_META\utility\Graphics\Graphics.cpp.o
                0x00008094                Gamebuino_Meta::Graphics::clear(Gamebuino_Meta::ColorIndex)
 .text._ZN14Gamebuino_Meta8Graphics5clearEv
                0x000080e0        0xa e:\Logiciels\arduino\portable\sketchbook\asteroid\build\libraries\Gamebuino_META\utility\Graphics\Graphics.cpp.o
                0x000080e0                Gamebuino_Meta::Graphics::clear()
 *fill*         0x000080ea        0x2 
 .text._ZNK14Gamebuino_Meta8Graphics5widthEv
                0x000080ec       0x20 e:\Logiciels\arduino\portable\sketchbook\asteroid\build\libraries\Gamebuino_META\utility\Graphics\Graphics.cpp.o
                0x000080ec                Gamebuino_Meta::Graphics::width() const
 .text._ZNK14Gamebuino_Meta8Graphics6heightEv
                0x0000810c       0x20 e:\Logiciels\arduino\portable\sketchbook\asteroid\build\libraries\Gamebuino_META\utility\Graphics\Graphics.cpp.o
                0x0000810c                Gamebuino_Meta::Graphics::height() const
 .text._ZN14Gamebuino_Meta8Graphics10setPaletteEPNS_5ColorE
                0x0000812c        0xc e:\Logiciels\arduino\portable\sketchbook\asteroid\build\libraries\Gamebuino_META\utility\Graphics\Graphics.cpp.o
                0x0000812c                Gamebuino_Meta::Graphics::setPalette(Gamebuino_Meta::Color*)
 .text._ZN14Gamebuino_Meta8Graphics10setPaletteEPKNS_5ColorE
                0x00008138        0xc e:\Logiciels\arduino\portable\sketchbook\asteroid\build\libraries\Gamebuino_META\utility\Graphics\Graphics.cpp.o
                0x00008138                Gamebuino_Meta::Graphics::setPalette(Gamebuino_Meta::Color const*)
 .text._ZN14Gamebuino_Meta8Graphics10getPaletteEv
                0x00008144        0xc e:\Logiciels\arduino\portable\sketchbook\asteroid\build\libraries\Gamebuino_META\utility\Graphics\Graphics.cpp.o
                0x00008144                Gamebuino_Meta::Graphics::getPalette()
 .text._ZN14Gamebuino_Meta13Frame_HandlerD2Ev
                0x00008150       0x1c e:\Logiciels\arduino\portable\sketchbook\asteroid\build\libraries\Gamebuino_META\utility\Graphics\Image.cpp.o
                0x00008150                Gamebuino_Meta::Frame_Handler::~Frame_Handler()
                0x00008150                Gamebuino_Meta::Frame_Handler::~Frame_Handler()
 .text._ZN14Gamebuino_Meta13Frame_Handler5firstEv
                0x0000816c        0xc e:\Logiciels\arduino\portable\sketchbook\asteroid\build\libraries\Gamebuino_META\utility\Graphics\Image.cpp.o
                0x0000816c                Gamebuino_Meta::Frame_Handler::first()
 .text._ZN14Gamebuino_Meta17Frame_Handler_MemD2Ev
                0x00008178       0x28 e:\Logiciels\arduino\portable\sketchbook\asteroid\build\libraries\Gamebuino_META\utility\Graphics\Image.cpp.o
                0x00008178                Gamebuino_Meta::Frame_Handler_Mem::~Frame_Handler_Mem()
                0x00008178                Gamebuino_Meta::Frame_Handler_Mem::~Frame_Handler_Mem()
 .text._ZN14Gamebuino_Meta17Frame_Handler_RAMD2Ev
                0x000081a0       0x28 e:\Logiciels\arduino\portable\sketchbook\asteroid\build\libraries\Gamebuino_META\utility\Graphics\Image.cpp.o
                0x000081a0                Gamebuino_Meta::Frame_Handler_RAM::~Frame_Handler_RAM()
                0x000081a0                Gamebuino_Meta::Frame_Handler_RAM::~Frame_Handler_RAM()
 .text._ZN14Gamebuino_Meta5Image13drawFastHLineEsss
                0x000081c8       0xc8 e:\Logiciels\arduino\portable\sketchbook\asteroid\build\libraries\Gamebuino_META\utility\Graphics\Image.cpp.o
                0x000081c8                Gamebuino_Meta::Image::drawFastHLine(short, short, short)
 .text._ZN14Gamebuino_Meta5Image10_drawPixelEss
                0x00008290       0x74 e:\Logiciels\arduino\portable\sketchbook\asteroid\build\libraries\Gamebuino_META\utility\Graphics\Image.cpp.o
                0x00008290                Gamebuino_Meta::Image::_drawPixel(short, short)
 .text._ZN14Gamebuino_Meta13Frame_HandlerD0Ev
                0x00008304       0x12 e:\Logiciels\arduino\portable\sketchbook\asteroid\build\libraries\Gamebuino_META\utility\Graphics\Image.cpp.o
                0x00008304                Gamebuino_Meta::Frame_Handler::~Frame_Handler()
 .text._ZN14Gamebuino_Meta17Frame_Handler_MemD0Ev
                0x00008316       0x12 e:\Logiciels\arduino\portable\sketchbook\asteroid\build\libraries\Gamebuino_META\utility\Graphics\Image.cpp.o
                0x00008316                Gamebuino_Meta::Frame_Handler_Mem::~Frame_Handler_Mem()
 .text._ZN14Gamebuino_Meta17Frame_Handler_RAMD0Ev
                0x00008328       0x12 e:\Logiciels\arduino\portable\sketchbook\asteroid\build\libraries\Gamebuino_META\utility\Graphics\Image.cpp.o
                0x00008328                Gamebuino_Meta::Frame_Handler_RAM::~Frame_Handler_RAM()
 *fill*         0x0000833a        0x2 
 .text._ZN14Gamebuino_Meta5ImageD2Ev
                0x0000833c       0x44 e:\Logiciels\arduino\portable\sketchbook\asteroid\build\libraries\Gamebuino_META\utility\Graphics\Image.cpp.o
                0x0000833c                Gamebuino_Meta::Image::~Image()
                0x0000833c                Gamebuino_Meta::Image::~Image()
 .text._ZN14Gamebuino_Meta5ImageD0Ev
                0x00008380       0x12 e:\Logiciels\arduino\portable\sketchbook\asteroid\build\libraries\Gamebuino_META\utility\Graphics\Image.cpp.o
                0x00008380                Gamebuino_Meta::Image::~Image()
 *fill*         0x00008392        0x2 
 .text._ZN14Gamebuino_Meta5Image16drawBufferedLineEssPttRS0_
                0x00008394      0x548 e:\Logiciels\arduino\portable\sketchbook\asteroid\build\libraries\Gamebuino_META\utility\Graphics\Image.cpp.o
                0x00008394                Gamebuino_Meta::Image::drawBufferedLine(short, short, unsigned short*, unsigned short, Gamebuino_Meta::Image&)
 .text._ZN14Gamebuino_Meta5Image10drawBitmapEaaPKh
                0x000088dc      0x1f0 e:\Logiciels\arduino\portable\sketchbook\asteroid\build\libraries\Gamebuino_META\utility\Graphics\Image.cpp.o
                0x000088dc                Gamebuino_Meta::Image::drawBitmap(signed char, signed char, unsigned char const*)
 .text._ZN14Gamebuino_Meta5Image10drawBitmapEaaPKhhh
                0x00008acc       0x14 e:\Logiciels\arduino\portable\sketchbook\asteroid\build\libraries\Gamebuino_META\utility\Graphics\Image.cpp.o
                0x00008acc                Gamebuino_Meta::Image::drawBitmap(signed char, signed char, unsigned char const*, unsigned char, unsigned char)
 .text._ZN14Gamebuino_Meta5Image5_fillEv
                0x00008ae0       0x70 e:\Logiciels\arduino\portable\sketchbook\asteroid\build\libraries\Gamebuino_META\utility\Graphics\Image.cpp.o
                0x00008ae0                Gamebuino_Meta::Image::_fill()
 .text._ZN14Gamebuino_Meta5Image8drawCharEsshh
                0x00008b50      0x204 e:\Logiciels\arduino\portable\sketchbook\asteroid\build\libraries\Gamebuino_META\utility\Graphics\Image.cpp.o
                0x00008b50                Gamebuino_Meta::Image::drawChar(short, short, unsigned char, unsigned char)
 .text._ZN14Gamebuino_Meta13Frame_HandlerC2EPNS_5ImageE
                0x00008d54       0x18 e:\Logiciels\arduino\portable\sketchbook\asteroid\build\libraries\Gamebuino_META\utility\Graphics\Image.cpp.o
                0x00008d54                Gamebuino_Meta::Frame_Handler::Frame_Handler(Gamebuino_Meta::Image*)
                0x00008d54                Gamebuino_Meta::Frame_Handler::Frame_Handler(Gamebuino_Meta::Image*)
 .text._ZN14Gamebuino_Meta13Frame_Handler14allocateBufferEv
                0x00008d6c       0x54 e:\Logiciels\arduino\portable\sketchbook\asteroid\build\libraries\Gamebuino_META\utility\Graphics\Image.cpp.o
                0x00008d6c                Gamebuino_Meta::Frame_Handler::allocateBuffer()
 .text._ZN14Gamebuino_Meta17Frame_Handler_MemC2EPNS_5ImageE
                0x00008dc0       0x20 e:\Logiciels\arduino\portable\sketchbook\asteroid\build\libraries\Gamebuino_META\utility\Graphics\Image.cpp.o
                0x00008dc0                Gamebuino_Meta::Frame_Handler_Mem::Frame_Handler_Mem(Gamebuino_Meta::Image*)
                0x00008dc0                Gamebuino_Meta::Frame_Handler_Mem::Frame_Handler_Mem(Gamebuino_Meta::Image*)
 .text._ZN14Gamebuino_Meta17Frame_Handler_RAMC2EPNS_5ImageE
                0x00008de0       0x1c e:\Logiciels\arduino\portable\sketchbook\asteroid\build\libraries\Gamebuino_META\utility\Graphics\Image.cpp.o
                0x00008de0                Gamebuino_Meta::Frame_Handler_RAM::Frame_Handler_RAM(Gamebuino_Meta::Image*)
                0x00008de0                Gamebuino_Meta::Frame_Handler_RAM::Frame_Handler_RAM(Gamebuino_Meta::Image*)
 .text._ZN14Gamebuino_Meta5Image4initEttPch
                0x00008dfc       0x64 e:\Logiciels\arduino\portable\sketchbook\asteroid\build\libraries\Gamebuino_META\utility\Graphics\Image.cpp.o
                0x00008dfc                Gamebuino_Meta::Image::init(unsigned short, unsigned short, char*, unsigned char)
 .text._ZN14Gamebuino_Meta5Image13getBufferSizeEv
                0x00008e60       0x2e e:\Logiciels\arduino\portable\sketchbook\asteroid\build\libraries\Gamebuino_META\utility\Graphics\Image.cpp.o
                0x00008e60                Gamebuino_Meta::Image::getBufferSize()
 .text._ZN14Gamebuino_Meta13Frame_Handler23getBufferSizeWithFramesEv
                0x00008e8e        0xa e:\Logiciels\arduino\portable\sketchbook\asteroid\build\libraries\Gamebuino_META\utility\Graphics\Image.cpp.o
                0x00008e8e                Gamebuino_Meta::Frame_Handler::getBufferSizeWithFrames()
 .text._ZN14Gamebuino_Meta17Frame_Handler_Mem3setEt
                0x00008e98       0x18 e:\Logiciels\arduino\portable\sketchbook\asteroid\build\libraries\Gamebuino_META\utility\Graphics\Image.cpp.o
                0x00008e98                Gamebuino_Meta::Frame_Handler_Mem::set(unsigned short)
 .text._ZN14Gamebuino_Meta17Frame_Handler_Mem4nextEv
                0x00008eb0       0x12 e:\Logiciels\arduino\portable\sketchbook\asteroid\build\libraries\Gamebuino_META\utility\Graphics\Image.cpp.o
                0x00008eb0                Gamebuino_Meta::Frame_Handler_Mem::next()
 .text._ZN14Gamebuino_Meta17Frame_Handler_RAM23getBufferSizeWithFramesEv
                0x00008ec2       0x10 e:\Logiciels\arduino\portable\sketchbook\asteroid\build\libraries\Gamebuino_META\utility\Graphics\Image.cpp.o
                0x00008ec2                Gamebuino_Meta::Frame_Handler_RAM::getBufferSizeWithFrames()
 .text._ZN14Gamebuino_Meta5Image14startRecordingEPc
                0x00008ed2       0x16 e:\Logiciels\arduino\portable\sketchbook\asteroid\build\libraries\Gamebuino_META\utility\Graphics\Image.cpp.o
                0x00008ed2                Gamebuino_Meta::Image::startRecording(char*)
 .text._ZN14Gamebuino_Meta5Image13stopRecordingEb
                0x00008ee8       0x10 e:\Logiciels\arduino\portable\sketchbook\asteroid\build\libraries\Gamebuino_META\utility\Graphics\Image.cpp.o
                0x00008ee8                Gamebuino_Meta::Image::stopRecording(bool)
 .text._ZN14Gamebuino_Meta5Image4saveEPc
                0x00008ef8       0x16 e:\Logiciels\arduino\portable\sketchbook\asteroid\build\libraries\Gamebuino_META\utility\Graphics\Image.cpp.o
                0x00008ef8                Gamebuino_Meta::Image::save(char*)
 .text._ZN14Gamebuino_Meta5Image14allocateBufferEv
                0x00008f0e       0x12 e:\Logiciels\arduino\portable\sketchbook\asteroid\build\libraries\Gamebuino_META\utility\Graphics\Image.cpp.o
                0x00008f0e                Gamebuino_Meta::Image::allocateBuffer()
 .text._ZN14Gamebuino_Meta5Image8getPixelEss
                0x00008f20       0x3e e:\Logiciels\arduino\portable\sketchbook\asteroid\build\libraries\Gamebuino_META\utility\Graphics\Image.cpp.o
                0x00008f20                Gamebuino_Meta::Image::getPixel(short, short)
 *fill*         0x00008f5e        0x2 
 .text._ZN14Gamebuino_Meta5Image9nextFrameEv
                0x00008f60       0x68 e:\Logiciels\arduino\portable\sketchbook\asteroid\build\libraries\Gamebuino_META\utility\Graphics\Image.cpp.o
                0x00008f60                Gamebuino_Meta::Image::nextFrame()
 .text._ZN14Gamebuino_Meta5Image8setFrameEt
                0x00008fc8       0x30 e:\Logiciels\arduino\portable\sketchbook\asteroid\build\libraries\Gamebuino_META\utility\Graphics\Image.cpp.o
                0x00008fc8                Gamebuino_Meta::Image::setFrame(unsigned short)
 .text._ZN14Gamebuino_Meta5Image4initEttNS_9ColorModeEth
                0x00008ff8       0x70 e:\Logiciels\arduino\portable\sketchbook\asteroid\build\libraries\Gamebuino_META\utility\Graphics\Image.cpp.o
                0x00008ff8                Gamebuino_Meta::Image::init(unsigned short, unsigned short, Gamebuino_Meta::ColorMode, unsigned short, unsigned char)
 .text._ZN14Gamebuino_Meta5Image4initEPKt
                0x00009068       0x8c e:\Logiciels\arduino\portable\sketchbook\asteroid\build\libraries\Gamebuino_META\utility\Graphics\Image.cpp.o
                0x00009068                Gamebuino_Meta::Image::init(unsigned short const*)
 .text._ZN14Gamebuino_Meta5ImageC2EPKt
                0x000090f4       0x34 e:\Logiciels\arduino\portable\sketchbook\asteroid\build\libraries\Gamebuino_META\utility\Graphics\Image.cpp.o
                0x000090f4                Gamebuino_Meta::Image::Image(unsigned short const*)
                0x000090f4                Gamebuino_Meta::Image::Image(unsigned short const*)
 .text._ZN14Gamebuino_Meta5ImageC2EttNS_9ColorModeEth
                0x00009128       0x80 e:\Logiciels\arduino\portable\sketchbook\asteroid\build\libraries\Gamebuino_META\utility\Graphics\Image.cpp.o
                0x00009128                Gamebuino_Meta::Image::Image(unsigned short, unsigned short, Gamebuino_Meta::ColorMode, unsigned short, unsigned char)
                0x00009128                Gamebuino_Meta::Image::Image(unsigned short, unsigned short, Gamebuino_Meta::ColorMode, unsigned short, unsigned char)
 .text._ZN14Gamebuino_Meta5Image9drawImageEssRS0_
                0x000091a8      0x150 e:\Logiciels\arduino\portable\sketchbook\asteroid\build\libraries\Gamebuino_META\utility\Graphics\Image.cpp.o
                0x000091a8                Gamebuino_Meta::Image::drawImage(short, short, Gamebuino_Meta::Image&)
 .text._ZN7FatFile7seekCurEl
                0x000092f8        0xc e:\Logiciels\arduino\portable\sketchbook\asteroid\build\libraries\Gamebuino_META\utility\Graphics-SD\BMP.cpp.o
                0x000092f8                FatFile::seekCur(long)
 .text._ZN14Gamebuino_Meta10writeAsRGBEtP4File
                0x00009304       0x36 e:\Logiciels\arduino\portable\sketchbook\asteroid\build\libraries\Gamebuino_META\utility\Graphics-SD\BMP.cpp.o
                0x00009304                Gamebuino_Meta::writeAsRGB(unsigned short, File*)
 .text._ZN14Gamebuino_Meta3BMPC2EPNS_5ImageEt
                0x0000933a       0x2c e:\Logiciels\arduino\portable\sketchbook\asteroid\build\libraries\Gamebuino_META\utility\Graphics-SD\BMP.cpp.o
                0x0000933a                Gamebuino_Meta::BMP::BMP(Gamebuino_Meta::Image*, unsigned short)
                0x0000933a                Gamebuino_Meta::BMP::BMP(Gamebuino_Meta::Image*, unsigned short)
 *fill*         0x00009366        0x2 
 .text._ZN14Gamebuino_Meta3BMPC2EP4FilePNS_5ImageE
                0x00009368      0x1d0 e:\Logiciels\arduino\portable\sketchbook\asteroid\build\libraries\Gamebuino_META\utility\Graphics-SD\BMP.cpp.o
                0x00009368                Gamebuino_Meta::BMP::BMP(File*, Gamebuino_Meta::Image*)
                0x00009368                Gamebuino_Meta::BMP::BMP(File*, Gamebuino_Meta::Image*)
 .text._ZN14Gamebuino_Meta3BMP7isValidEv
                0x00009538        0x4 e:\Logiciels\arduino\portable\sketchbook\asteroid\build\libraries\Gamebuino_META\utility\Graphics-SD\BMP.cpp.o
                0x00009538                Gamebuino_Meta::BMP::isValid()
 .text._ZN14Gamebuino_Meta3BMP14getCreatorBitsEv
                0x0000953c        0x4 e:\Logiciels\arduino\portable\sketchbook\asteroid\build\libraries\Gamebuino_META\utility\Graphics-SD\BMP.cpp.o
                0x0000953c                Gamebuino_Meta::BMP::getCreatorBits()
 .text._ZN14Gamebuino_Meta3BMP14setCreatorBitsEmP4File
                0x00009540       0x1a e:\Logiciels\arduino\portable\sketchbook\asteroid\build\libraries\Gamebuino_META\utility\Graphics-SD\BMP.cpp.o
                0x00009540                Gamebuino_Meta::BMP::setCreatorBits(unsigned long, File*)
 .text._ZN14Gamebuino_Meta3BMP10getRowSizeEv
                0x0000955a       0x20 e:\Logiciels\arduino\portable\sketchbook\asteroid\build\libraries\Gamebuino_META\utility\Graphics-SD\BMP.cpp.o
                0x0000955a                Gamebuino_Meta::BMP::getRowSize()
 *fill*         0x0000957a        0x2 
 .text._ZN14Gamebuino_Meta3BMP11writeHeaderEP4File
                0x0000957c      0x160 e:\Logiciels\arduino\portable\sketchbook\asteroid\build\libraries\Gamebuino_META\utility\Graphics-SD\BMP.cpp.o
                0x0000957c                Gamebuino_Meta::BMP::writeHeader(File*)
 .text._ZN14Gamebuino_Meta3BMP10readBufferEPtmtP4File
                0x000096dc      0x1a2 e:\Logiciels\arduino\portable\sketchbook\asteroid\build\libraries\Gamebuino_META\utility\Graphics-SD\BMP.cpp.o
                0x000096dc                Gamebuino_Meta::BMP::readBuffer(unsigned short*, unsigned long, unsigned short, File*)
 .text._ZN14Gamebuino_Meta3BMP9readFrameEtPttP4File
                0x0000987e       0x34 e:\Logiciels\arduino\portable\sketchbook\asteroid\build\libraries\Gamebuino_META\utility\Graphics-SD\BMP.cpp.o
                0x0000987e                Gamebuino_Meta::BMP::readFrame(unsigned short, unsigned short*, unsigned short, File*)
 .text._ZN14Gamebuino_Meta3BMP11writeBufferEPttP4File
                0x000098b2      0x10c e:\Logiciels\arduino\portable\sketchbook\asteroid\build\libraries\Gamebuino_META\utility\Graphics-SD\BMP.cpp.o
                0x000098b2                Gamebuino_Meta::BMP::writeBuffer(unsigned short*, unsigned short, File*)
 .text._ZN14Gamebuino_Meta3BMP10writeFrameEtPttP4File
                0x000099be       0x36 e:\Logiciels\arduino\portable\sketchbook\asteroid\build\libraries\Gamebuino_META\utility\Graphics-SD\BMP.cpp.o
                0x000099be                Gamebuino_Meta::BMP::writeFrame(unsigned short, unsigned short*, unsigned short, File*)
 .text._ZN7FatFile4readEv
                0x000099f4       0x1c e:\Logiciels\arduino\portable\sketchbook\asteroid\build\libraries\Gamebuino_META\utility\Graphics-SD\GMV.cpp.o
                0x000099f4                FatFile::read()
 .text._ZN4FileC2Ev
                0x00009a10       0x18 e:\Logiciels\arduino\portable\sketchbook\asteroid\build\libraries\Gamebuino_META\utility\Graphics-SD\GMV.cpp.o
                0x00009a10                File::File()
                0x00009a10                File::File()
 .text._ZN14Gamebuino_Meta3GMVC2Ev
                0x00009a28       0x14 e:\Logiciels\arduino\portable\sketchbook\asteroid\build\libraries\Gamebuino_META\utility\Graphics-SD\GMV.cpp.o
                0x00009a28                Gamebuino_Meta::GMV::GMV()
                0x00009a28                Gamebuino_Meta::GMV::GMV()
 .text._ZN14Gamebuino_Meta3GMVC2EPNS_5ImageE
                0x00009a3c       0x10 e:\Logiciels\arduino\portable\sketchbook\asteroid\build\libraries\Gamebuino_META\utility\Graphics-SD\GMV.cpp.o
                0x00009a3c                Gamebuino_Meta::GMV::GMV(Gamebuino_Meta::Image*)
                0x00009a3c                Gamebuino_Meta::GMV::GMV(Gamebuino_Meta::Image*)
 .text._ZN14Gamebuino_Meta3GMV7isValidEv
                0x00009a4c        0x6 e:\Logiciels\arduino\portable\sketchbook\asteroid\build\libraries\Gamebuino_META\utility\Graphics-SD\GMV.cpp.o
                0x00009a4c                Gamebuino_Meta::GMV::isValid()
 .text._ZN14Gamebuino_Meta3GMV2isEPNS_5ImageE
                0x00009a52        0xc e:\Logiciels\arduino\portable\sketchbook\asteroid\build\libraries\Gamebuino_META\utility\Graphics-SD\GMV.cpp.o
                0x00009a52                Gamebuino_Meta::GMV::is(Gamebuino_Meta::Image*)
 *fill*         0x00009a5e        0x2 
 .text._ZN14Gamebuino_Meta3GMV10writeColorEP4Fileth
                0x00009a60       0x68 e:\Logiciels\arduino\portable\sketchbook\asteroid\build\libraries\Gamebuino_META\utility\Graphics-SD\GMV.cpp.o
                0x00009a60                Gamebuino_Meta::GMV::writeColor(File*, unsigned short, unsigned char)
 .text._ZN14Gamebuino_Meta3GMV11writeHeaderEP4File
                0x00009ac8       0xb0 e:\Logiciels\arduino\portable\sketchbook\asteroid\build\libraries\Gamebuino_META\utility\Graphics-SD\GMV.cpp.o
                0x00009ac8                Gamebuino_Meta::GMV::writeHeader(File*)
 .text._ZN14Gamebuino_Meta3GMV11writeHeaderEv
                0x00009b78        0xa e:\Logiciels\arduino\portable\sketchbook\asteroid\build\libraries\Gamebuino_META\utility\Graphics-SD\GMV.cpp.o
                0x00009b78                Gamebuino_Meta::GMV::writeHeader()
 *fill*         0x00009b82        0x2 
 .text._ZN14Gamebuino_Meta3GMV8initSaveEPc
                0x00009b84       0xb8 e:\Logiciels\arduino\portable\sketchbook\asteroid\build\libraries\Gamebuino_META\utility\Graphics-SD\GMV.cpp.o
                0x00009b84                Gamebuino_Meta::GMV::initSave(char*)
 .text._ZN14Gamebuino_Meta3GMV10writeFrameEP4File
                0x00009c3c       0xbc e:\Logiciels\arduino\portable\sketchbook\asteroid\build\libraries\Gamebuino_META\utility\Graphics-SD\GMV.cpp.o
                0x00009c3c                Gamebuino_Meta::GMV::writeFrame(File*)
 .text._ZN14Gamebuino_Meta3GMV14convertFromBMPERNS_3BMPEPc
                0x00009cf8       0xd4 e:\Logiciels\arduino\portable\sketchbook\asteroid\build\libraries\Gamebuino_META\utility\Graphics-SD\GMV.cpp.o
                0x00009cf8                Gamebuino_Meta::GMV::convertFromBMP(Gamebuino_Meta::BMP&, char*)
 .text._ZN14Gamebuino_Meta3GMVC2EPNS_5ImageEPc
                0x00009dcc      0x204 e:\Logiciels\arduino\portable\sketchbook\asteroid\build\libraries\Gamebuino_META\utility\Graphics-SD\GMV.cpp.o
                0x00009dcc                Gamebuino_Meta::GMV::GMV(Gamebuino_Meta::Image*, char*)
                0x00009dcc                Gamebuino_Meta::GMV::GMV(Gamebuino_Meta::Image*, char*)
 .text._ZN14Gamebuino_Meta3GMV10writeFrameEv
                0x00009fd0        0xa e:\Logiciels\arduino\portable\sketchbook\asteroid\build\libraries\Gamebuino_META\utility\Graphics-SD\GMV.cpp.o
                0x00009fd0                Gamebuino_Meta::GMV::writeFrame()
 *fill*         0x00009fda        0x2 
 .text._ZN14Gamebuino_Meta3GMV9readFrameEv
                0x00009fdc      0x13c e:\Logiciels\arduino\portable\sketchbook\asteroid\build\libraries\Gamebuino_META\utility\Graphics-SD\GMV.cpp.o
                0x00009fdc                Gamebuino_Meta::GMV::readFrame()
 .text._ZN14Gamebuino_Meta3GMV8setFrameEt
                0x0000a118       0x24 e:\Logiciels\arduino\portable\sketchbook\asteroid\build\libraries\Gamebuino_META\utility\Graphics-SD\GMV.cpp.o
                0x0000a118                Gamebuino_Meta::GMV::setFrame(unsigned short)
 .text._ZN14Gamebuino_Meta3GMV10finishSaveEPctbPNS_14Display_ST7735E
                0x0000a13c      0x2f0 e:\Logiciels\arduino\portable\sketchbook\asteroid\build\libraries\Gamebuino_META\utility\Graphics-SD\GMV.cpp.o
                0x0000a13c                Gamebuino_Meta::GMV::finishSave(char*, unsigned short, bool, Gamebuino_Meta::Display_ST7735*)
 .text._ZN14Gamebuino_Meta16Frame_Handler_SDD2Ev
                0x0000a42c       0x2c e:\Logiciels\arduino\portable\sketchbook\asteroid\build\libraries\Gamebuino_META\utility\Graphics-SD\Graphics-SD.cpp.o
                0x0000a42c                Gamebuino_Meta::Frame_Handler_SD::~Frame_Handler_SD()
                0x0000a42c                Gamebuino_Meta::Frame_Handler_SD::~Frame_Handler_SD()
 .text._ZN14Gamebuino_Meta16Frame_Handler_SDD0Ev
                0x0000a458       0x12 e:\Logiciels\arduino\portable\sketchbook\asteroid\build\libraries\Gamebuino_META\utility\Graphics-SD\Graphics-SD.cpp.o
                0x0000a458                Gamebuino_Meta::Frame_Handler_SD::~Frame_Handler_SD()
 *fill*         0x0000a46a        0x2 
 .text._ZN14Gamebuino_Meta16Frame_Handler_SDC2EPNS_5ImageE
                0x0000a46c       0x1c e:\Logiciels\arduino\portable\sketchbook\asteroid\build\libraries\Gamebuino_META\utility\Graphics-SD\Graphics-SD.cpp.o
                0x0000a46c                Gamebuino_Meta::Frame_Handler_SD::Frame_Handler_SD(Gamebuino_Meta::Image*)
                0x0000a46c                Gamebuino_Meta::Frame_Handler_SD::Frame_Handler_SD(Gamebuino_Meta::Image*)
 .text._ZN14Gamebuino_Meta16Frame_Handler_SD4initEPc
                0x0000a488       0x4a e:\Logiciels\arduino\portable\sketchbook\asteroid\build\libraries\Gamebuino_META\utility\Graphics-SD\Graphics-SD.cpp.o
                0x0000a488                Gamebuino_Meta::Frame_Handler_SD::init(char*)
 .text._ZN14Gamebuino_Meta16Frame_Handler_SD9lazy_initEv
                0x0000a4d2       0x2c e:\Logiciels\arduino\portable\sketchbook\asteroid\build\libraries\Gamebuino_META\utility\Graphics-SD\Graphics-SD.cpp.o
                0x0000a4d2                Gamebuino_Meta::Frame_Handler_SD::lazy_init()
 .text._ZN14Gamebuino_Meta16Frame_Handler_SD4nextEv
                0x0000a4fe       0x14 e:\Logiciels\arduino\portable\sketchbook\asteroid\build\libraries\Gamebuino_META\utility\Graphics-SD\Graphics-SD.cpp.o
                0x0000a4fe                Gamebuino_Meta::Frame_Handler_SD::next()
 .text._ZN14Gamebuino_Meta16Frame_Handler_SD3setEt
                0x0000a512       0x1e e:\Logiciels\arduino\portable\sketchbook\asteroid\build\libraries\Gamebuino_META\utility\Graphics-SD\Graphics-SD.cpp.o
                0x0000a512                Gamebuino_Meta::Frame_Handler_SD::set(unsigned short)
 .text._ZN14Gamebuino_Meta15Recording_ImageC2ERNS_3GMVE
                0x0000a530       0x4c e:\Logiciels\arduino\portable\sketchbook\asteroid\build\libraries\Gamebuino_META\utility\Graphics-SD\Graphics-SD.cpp.o
                0x0000a530                Gamebuino_Meta::Recording_Image::Recording_Image(Gamebuino_Meta::GMV&)
                0x0000a530                Gamebuino_Meta::Recording_Image::Recording_Image(Gamebuino_Meta::GMV&)
 .text._ZN14Gamebuino_Meta15Recording_ImageD2Ev
                0x0000a57c       0x12 e:\Logiciels\arduino\portable\sketchbook\asteroid\build\libraries\Gamebuino_META\utility\Graphics-SD\Graphics-SD.cpp.o
                0x0000a57c                Gamebuino_Meta::Recording_Image::~Recording_Image()
                0x0000a57c                Gamebuino_Meta::Recording_Image::~Recording_Image()
 .text._ZN14Gamebuino_Meta15Recording_Image6updateEv
                0x0000a58e       0x14 e:\Logiciels\arduino\portable\sketchbook\asteroid\build\libraries\Gamebuino_META\utility\Graphics-SD\Graphics-SD.cpp.o
                0x0000a58e                Gamebuino_Meta::Recording_Image::update()
 *fill*         0x0000a5a2        0x2 
 .text._ZN14Gamebuino_Meta15Recording_Image6finishEb
                0x0000a5a4       0x20 e:\Logiciels\arduino\portable\sketchbook\asteroid\build\libraries\Gamebuino_META\utility\Graphics-SD\Graphics-SD.cpp.o
                0x0000a5a4                Gamebuino_Meta::Recording_Image::finish(bool)
 .text._ZN14Gamebuino_Meta15Recording_Image14setBmpFilenameEPc
                0x0000a5c4       0x58 e:\Logiciels\arduino\portable\sketchbook\asteroid\build\libraries\Gamebuino_META\utility\Graphics-SD\Graphics-SD.cpp.o
                0x0000a5c4                Gamebuino_Meta::Recording_Image::setBmpFilename(char*)
 .text._ZN14Gamebuino_Meta11Graphics_SD14startRecordingEPNS_5ImageEPc
                0x0000a61c       0x88 e:\Logiciels\arduino\portable\sketchbook\asteroid\build\libraries\Gamebuino_META\utility\Graphics-SD\Graphics-SD.cpp.o
                0x0000a61c                Gamebuino_Meta::Graphics_SD::startRecording(Gamebuino_Meta::Image*, char*)
 .text._ZN14Gamebuino_Meta11Graphics_SD13stopRecordingEPNS_5ImageEb
                0x0000a6a4       0x58 e:\Logiciels\arduino\portable\sketchbook\asteroid\build\libraries\Gamebuino_META\utility\Graphics-SD\Graphics-SD.cpp.o
                0x0000a6a4                Gamebuino_Meta::Graphics_SD::stopRecording(Gamebuino_Meta::Image*, bool)
 .text._ZN14Gamebuino_Meta11Graphics_SD4saveEPNS_5ImageEPc
                0x0000a6fc       0x78 e:\Logiciels\arduino\portable\sketchbook\asteroid\build\libraries\Gamebuino_META\utility\Graphics-SD\Graphics-SD.cpp.o
                0x0000a6fc                Gamebuino_Meta::Graphics_SD::save(Gamebuino_Meta::Image*, char*)
 .text._ZN14Gamebuino_Meta11Graphics_SD6updateEv
                0x0000a774       0x20 e:\Logiciels\arduino\portable\sketchbook\asteroid\build\libraries\Gamebuino_META\utility\Graphics-SD\Graphics-SD.cpp.o
                0x0000a774                Gamebuino_Meta::Graphics_SD::update()
 .text._ZN14Gamebuino_Meta11Graphics_SD6setTftEPNS_14Display_ST7735E
                0x0000a794        0xc e:\Logiciels\arduino\portable\sketchbook\asteroid\build\libraries\Gamebuino_META\utility\Graphics-SD\Graphics-SD.cpp.o
                0x0000a794                Gamebuino_Meta::Graphics_SD::setTft(Gamebuino_Meta::Display_ST7735*)
 .text._ZN14Gamebuino_Meta3Gui5popupEPKch
                0x0000a7a0       0x20 e:\Logiciels\arduino\portable\sketchbook\asteroid\build\libraries\Gamebuino_META\utility\Gui\Gui.cpp.o
                0x0000a7a0                Gamebuino_Meta::Gui::popup(char const*, unsigned char)
 .text._ZN14Gamebuino_Meta3Gui11updatePopupEv
                0x0000a7c0       0xe4 e:\Logiciels\arduino\portable\sketchbook\asteroid\build\libraries\Gamebuino_META\utility\Gui\Gui.cpp.o
                0x0000a7c0                Gamebuino_Meta::Gui::updatePopup()
 .text._ZN14Gamebuino_Meta8Language14setCurrentLangENS_8LangCodeE
                0x0000a8a4        0xc e:\Logiciels\arduino\portable\sketchbook\asteroid\build\libraries\Gamebuino_META\utility\Language\Language.cpp.o
                0x0000a8a4                Gamebuino_Meta::Language::setCurrentLang(Gamebuino_Meta::LangCode)
 .text._ZN14Gamebuino_Meta8MetaMode13updateButtonsEv
                0x0000a8b0      0x148 e:\Logiciels\arduino\portable\sketchbook\asteroid\build\libraries\Gamebuino_META\utility\MetaMode\MetaMode.cpp.o
                0x0000a8b0                Gamebuino_Meta::MetaMode::updateButtons()
 .text._ZN14Gamebuino_Meta8MetaMode16drawLoadingLinesEh
                0x0000a9f8       0x94 e:\Logiciels\arduino\portable\sketchbook\asteroid\build\libraries\Gamebuino_META\utility\MetaMode\MetaMode.cpp.o
                0x0000a9f8                Gamebuino_Meta::MetaMode::drawLoadingLines(unsigned char)
 .text._ZN14Gamebuino_Meta8MetaMode12drawTextMetaEss
                0x0000aa8c       0x6c e:\Logiciels\arduino\portable\sketchbook\asteroid\build\libraries\Gamebuino_META\utility\MetaMode\MetaMode.cpp.o
                0x0000aa8c                Gamebuino_Meta::MetaMode::drawTextMeta(short, short)
 .text._ZN14Gamebuino_Meta8MetaMode12drawTextModeEss
                0x0000aaf8       0x60 e:\Logiciels\arduino\portable\sketchbook\asteroid\build\libraries\Gamebuino_META\utility\MetaMode\MetaMode.cpp.o
                0x0000aaf8                Gamebuino_Meta::MetaMode::drawTextMode(short, short)
 .text._ZN14Gamebuino_Meta8MetaMode16updateAnimationsEv
                0x0000ab58      0x244 e:\Logiciels\arduino\portable\sketchbook\asteroid\build\libraries\Gamebuino_META\utility\MetaMode\MetaMode.cpp.o
                0x0000ab58                Gamebuino_Meta::MetaMode::updateAnimations()
 .text._ZN14Gamebuino_Meta8intToStrElPc
                0x0000ad9c       0x26 e:\Logiciels\arduino\portable\sketchbook\asteroid\build\libraries\Gamebuino_META\utility\Misc\Misc.cpp.o
                0x0000ad9c                Gamebuino_Meta::intToStr(long, char*)
 *fill*         0x0000adc2        0x2 
 .text._ZN14Gamebuino_Meta17sdPathNoDuplicateEPchhl
                0x0000adc4       0x58 e:\Logiciels\arduino\portable\sketchbook\asteroid\build\libraries\Gamebuino_META\utility\Misc\Misc.cpp.o
                0x0000adc4                Gamebuino_Meta::sdPathNoDuplicate(char*, unsigned char, unsigned char, long)
 .text._ZN14Gamebuino_Meta14rgb888Torgb565ENS_6RGB888E
                0x0000ae1c       0x22 e:\Logiciels\arduino\portable\sketchbook\asteroid\build\libraries\Gamebuino_META\utility\Misc\Misc.cpp.o
                0x0000ae1c                Gamebuino_Meta::rgb888Torgb565(Gamebuino_Meta::RGB888)
 .text._ZN14Gamebuino_Meta14rgb565Torgb888Et
                0x0000ae3e       0x2a e:\Logiciels\arduino\portable\sketchbook\asteroid\build\libraries\Gamebuino_META\utility\Misc\Misc.cpp.o
                0x0000ae3e                Gamebuino_Meta::rgb565Torgb888(unsigned short)
 .text._ZN14Gamebuino_Meta8f_read16EP4File
                0x0000ae68       0x14 e:\Logiciels\arduino\portable\sketchbook\asteroid\build\libraries\Gamebuino_META\utility\Misc\Misc.cpp.o
                0x0000ae68                Gamebuino_Meta::f_read16(File*)
 .text._ZN14Gamebuino_Meta8f_read32EP4File
                0x0000ae7c       0x10 e:\Logiciels\arduino\portable\sketchbook\asteroid\build\libraries\Gamebuino_META\utility\Misc\Misc.cpp.o
                0x0000ae7c                Gamebuino_Meta::f_read32(File*)
 .text._ZN14Gamebuino_Meta9f_write32EmP4File
                0x0000ae8c       0x12 e:\Logiciels\arduino\portable\sketchbook\asteroid\build\libraries\Gamebuino_META\utility\Misc\Misc.cpp.o
                0x0000ae8c                Gamebuino_Meta::f_write32(unsigned long, File*)
 .text._ZN14Gamebuino_Meta9f_write16EtP4File
                0x0000ae9e       0x16 e:\Logiciels\arduino\portable\sketchbook\asteroid\build\libraries\Gamebuino_META\utility\Misc\Misc.cpp.o
                0x0000ae9e                Gamebuino_Meta::f_write16(unsigned short, File*)
 .text._ZN14Gamebuino_Meta4SaveC2EPKcS2_
                0x0000aeb4       0x34 e:\Logiciels\arduino\portable\sketchbook\asteroid\build\libraries\Gamebuino_META\utility\Save\Save.cpp.o
                0x0000aeb4                Gamebuino_Meta::Save::Save(char const*, char const*)
                0x0000aeb4                Gamebuino_Meta::Save::Save(char const*, char const*)
 .text._ZN14Gamebuino_Meta4Save6configEtPKNS_11SaveDefaultEt
                0x0000aee8       0x16 e:\Logiciels\arduino\portable\sketchbook\asteroid\build\libraries\Gamebuino_META\utility\Save\Save.cpp.o
                0x0000aee8                Gamebuino_Meta::Save::config(unsigned short, Gamebuino_Meta::SaveDefault const*, unsigned short)
 *fill*         0x0000aefe        0x2 
 .text._ZN14Gamebuino_Meta4Save5errorEPKc
                0x0000af00       0x44 e:\Logiciels\arduino\portable\sketchbook\asteroid\build\libraries\Gamebuino_META\utility\Save\Save.cpp.o
                0x0000af00                Gamebuino_Meta::Save::error(char const*)
 .text._ZN14Gamebuino_Meta4Save10getVarInfoEt
                0x0000af44       0x68 e:\Logiciels\arduino\portable\sketchbook\asteroid\build\libraries\Gamebuino_META\utility\Save\Save.cpp.o
                0x0000af44                Gamebuino_Meta::Save::getVarInfo(unsigned short)
 .text._ZN14Gamebuino_Meta4Save4_getEt
                0x0000afac       0x24 e:\Logiciels\arduino\portable\sketchbook\asteroid\build\libraries\Gamebuino_META\utility\Save\Save.cpp.o
                0x0000afac                Gamebuino_Meta::Save::_get(unsigned short)
 .text._ZN14Gamebuino_Meta4Save4_setEtm
                0x0000afd0       0x24 e:\Logiciels\arduino\portable\sketchbook\asteroid\build\libraries\Gamebuino_META\utility\Save\Save.cpp.o
                0x0000afd0                Gamebuino_Meta::Save::_set(unsigned short, unsigned long)
 .text._ZN14Gamebuino_Meta4Save3delEt
                0x0000aff4      0x13c e:\Logiciels\arduino\portable\sketchbook\asteroid\build\libraries\Gamebuino_META\utility\Save\Save.cpp.o
                0x0000aff4                Gamebuino_Meta::Save::del(unsigned short)
 .text._ZN14Gamebuino_Meta4Save8openFileEv
                0x0000b130      0x2d8 e:\Logiciels\arduino\portable\sketchbook\asteroid\build\libraries\Gamebuino_META\utility\Save\Save.cpp.o
                0x0000b130                Gamebuino_Meta::Save::openFile()
 .text._ZN14Gamebuino_Meta4Save3getEt
                0x0000b408       0x60 e:\Logiciels\arduino\portable\sketchbook\asteroid\build\libraries\Gamebuino_META\utility\Save\Save.cpp.o
                0x0000b408                Gamebuino_Meta::Save::get(unsigned short)
 .text._ZN14Gamebuino_Meta4Save3setEtl
                0x0000b468       0x8c e:\Logiciels\arduino\portable\sketchbook\asteroid\build\libraries\Gamebuino_META\utility\Save\Save.cpp.o
                0x0000b468                Gamebuino_Meta::Save::set(unsigned short, long)
 .text._ZN9FatVolume9cacheSyncEv
                0x0000b4f4       0x1e e:\Logiciels\arduino\portable\sketchbook\asteroid\build\libraries\Gamebuino_META\utility\SdFat\src\FatLib\FatFile.cpp.o
                0x0000b4f4                FatVolume::cacheSync()
 .text._ZN7FatFile10addClusterEv
                0x0000b512       0x1a e:\Logiciels\arduino\portable\sketchbook\asteroid\build\libraries\Gamebuino_META\utility\SdFat\src\FatLib\FatFile.cpp.o
                0x0000b512                FatFile::addCluster()
 .text._ZN7FatFile13addDirClusterEv
                0x0000b52c       0x74 e:\Logiciels\arduino\portable\sketchbook\asteroid\build\libraries\Gamebuino_META\utility\SdFat\src\FatLib\FatFile.cpp.o
                0x0000b52c                FatFile::addDirCluster()
 .text._ZN7FatFile13cacheDirEntryEh
                0x0000b5a0       0x20 e:\Logiciels\arduino\portable\sketchbook\asteroid\build\libraries\Gamebuino_META\utility\SdFat\src\FatLib\FatFile.cpp.o
                0x0000b5a0                FatFile::cacheDirEntry(unsigned char)
 .text._ZN7FatFile8openRootEP9FatVolume
                0x0000b5c0       0x32 e:\Logiciels\arduino\portable\sketchbook\asteroid\build\libraries\Gamebuino_META\utility\SdFat\src\FatLib\FatFile.cpp.o
                0x0000b5c0                FatFile::openRoot(FatVolume*)
 *fill*         0x0000b5f2        0x2 
 .text._ZN7FatFile4readEPvj
                0x0000b5f4      0x184 e:\Logiciels\arduino\portable\sketchbook\asteroid\build\libraries\Gamebuino_META\utility\SdFat\src\FatLib\FatFile.cpp.o
                0x0000b5f4                FatFile::read(void*, unsigned int)
 .text._ZN7FatFile4peekEv
                0x0000b778       0x2a e:\Logiciels\arduino\portable\sketchbook\asteroid\build\libraries\Gamebuino_META\utility\SdFat\src\FatLib\FatFile.cpp.o
                0x0000b778                FatFile::peek()
 .text._ZN7FatFile12readDirCacheEb
                0x0000b7a2       0x3a e:\Logiciels\arduino\portable\sketchbook\asteroid\build\libraries\Gamebuino_META\utility\SdFat\src\FatLib\FatFile.cpp.o
                0x0000b7a2                FatFile::readDirCache(bool)
 .text._ZN7FatFile7seekSetEm
                0x0000b7dc       0x8c e:\Logiciels\arduino\portable\sketchbook\asteroid\build\libraries\Gamebuino_META\utility\SdFat\src\FatLib\FatFile.cpp.o
                0x0000b7dc                FatFile::seekSet(unsigned long)
 .text._ZN7FatFile15openCachedEntryEPS_thh
                0x0000b868       0xca e:\Logiciels\arduino\portable\sketchbook\asteroid\build\libraries\Gamebuino_META\utility\SdFat\src\FatLib\FatFile.cpp.o
                0x0000b868                FatFile::openCachedEntry(FatFile*, unsigned short, unsigned char, unsigned char)
 *fill*         0x0000b932        0x2 
 .text._ZN7FatFile4syncEv
                0x0000b934       0x90 e:\Logiciels\arduino\portable\sketchbook\asteroid\build\libraries\Gamebuino_META\utility\SdFat\src\FatLib\FatFile.cpp.o
                0x0000b934                FatFile::sync()
 .text._ZN7FatFile5closeEv
                0x0000b9c4        0xe e:\Logiciels\arduino\portable\sketchbook\asteroid\build\libraries\Gamebuino_META\utility\SdFat\src\FatLib\FatFile.cpp.o
                0x0000b9c4                FatFile::close()
 .text._ZN7FatFile4openEPS_PKch
                0x0000b9d2       0x9e e:\Logiciels\arduino\portable\sketchbook\asteroid\build\libraries\Gamebuino_META\utility\SdFat\src\FatLib\FatFile.cpp.o
                0x0000b9d2                FatFile::open(FatFile*, char const*, unsigned char)
 .text._ZN7FatFile6removeEPS_PKc
                0x0000ba70       0x28 e:\Logiciels\arduino\portable\sketchbook\asteroid\build\libraries\Gamebuino_META\utility\SdFat\src\FatLib\FatFile.cpp.o
                0x0000ba70                FatFile::remove(FatFile*, char const*)
 .text._ZN7FatFile5mkdirEPS_P7fname_t
                0x0000ba98       0xd4 e:\Logiciels\arduino\portable\sketchbook\asteroid\build\libraries\Gamebuino_META\utility\SdFat\src\FatLib\FatFile.cpp.o
                0x0000ba98                FatFile::mkdir(FatFile*, fname_t*)
 .text._ZN7FatFile5mkdirEPS_PKcb
                0x0000bb6c       0xa8 e:\Logiciels\arduino\portable\sketchbook\asteroid\build\libraries\Gamebuino_META\utility\SdFat\src\FatLib\FatFile.cpp.o
                0x0000bb6c                FatFile::mkdir(FatFile*, char const*, bool)
 .text._ZN7FatFile8truncateEm
                0x0000bc14       0x98 e:\Logiciels\arduino\portable\sketchbook\asteroid\build\libraries\Gamebuino_META\utility\SdFat\src\FatLib\FatFile.cpp.o
                0x0000bc14                FatFile::truncate(unsigned long)
 .text._ZN7FatFile5writeEPKvj
                0x0000bcac      0x1b0 e:\Logiciels\arduino\portable\sketchbook\asteroid\build\libraries\Gamebuino_META\utility\SdFat\src\FatLib\FatFile.cpp.o
                0x0000bcac                FatFile::write(void const*, unsigned int)
 .text._ZL10lfnGetCharP18longDirectoryEntryh
                0x0000be5c       0x36 e:\Logiciels\arduino\portable\sketchbook\asteroid\build\libraries\Gamebuino_META\utility\SdFat\src\FatLib\FatFileLFN.cpp.o
 .text._ZN7FatFile11lfnChecksumEPh
                0x0000be92       0x1c e:\Logiciels\arduino\portable\sketchbook\asteroid\build\libraries\Gamebuino_META\utility\SdFat\src\FatLib\FatFileLFN.cpp.o
                0x0000be92                FatFile::lfnChecksum(unsigned char*)
 .text._ZN7FatFile11openClusterEPS_
                0x0000beae       0x2e e:\Logiciels\arduino\portable\sketchbook\asteroid\build\libraries\Gamebuino_META\utility\SdFat\src\FatLib\FatFileLFN.cpp.o
                0x0000beae                FatFile::openCluster(FatFile*)
 .text._ZN7FatFile13parsePathNameEPKcP7fname_tPS1_
                0x0000bedc      0x1ec e:\Logiciels\arduino\portable\sketchbook\asteroid\build\libraries\Gamebuino_META\utility\SdFat\src\FatLib\FatFileLFN.cpp.o
                0x0000bedc                FatFile::parsePathName(char const*, fname_t*, char const**)
 .text._ZN7FatFile6removeEv
                0x0000c0c8       0xc4 e:\Logiciels\arduino\portable\sketchbook\asteroid\build\libraries\Gamebuino_META\utility\SdFat\src\FatLib\FatFileLFN.cpp.o
                0x0000c0c8                FatFile::remove()
 .text._ZN7FatFile12lfnUniqueSfnEP7fname_t
                0x0000c18c       0xa4 e:\Logiciels\arduino\portable\sketchbook\asteroid\build\libraries\Gamebuino_META\utility\SdFat\src\FatLib\FatFileLFN.cpp.o
                0x0000c18c                FatFile::lfnUniqueSfn(fname_t*)
 .text._ZN7FatFile4openEPS_P7fname_th
                0x0000c230      0x378 e:\Logiciels\arduino\portable\sketchbook\asteroid\build\libraries\Gamebuino_META\utility\SdFat\src\FatLib\FatFileLFN.cpp.o
                0x0000c230                FatFile::open(FatFile*, fname_t*, unsigned char)
 .text._ZN5Print5writeEPKc
                0x0000c5a8       0x1c e:\Logiciels\arduino\portable\sketchbook\asteroid\build\libraries\Gamebuino_META\utility\SdFat\src\FatLib\FatFilePrint.cpp.o
                0x0000c5a8                Print::write(char const*)
 .text._ZN8FatCache4syncEv
                0x0000c5c4       0x4e e:\Logiciels\arduino\portable\sketchbook\asteroid\build\libraries\Gamebuino_META\utility\SdFat\src\FatLib\FatVolume.cpp.o
                0x0000c5c4                FatCache::sync()
 .text._ZN8FatCache4readEmh
                0x0000c612       0x4a e:\Logiciels\arduino\portable\sketchbook\asteroid\build\libraries\Gamebuino_META\utility\SdFat\src\FatLib\FatVolume.cpp.o
                0x0000c612                FatCache::read(unsigned long, unsigned char)
 .text._ZNK9FatVolume17clusterStartBlockEm
                0x0000c65c        0xc e:\Logiciels\arduino\portable\sketchbook\asteroid\build\libraries\Gamebuino_META\utility\SdFat\src\FatLib\FatVolume.cpp.o
                0x0000c65c                FatVolume::clusterStartBlock(unsigned long) const
 .text._ZN9FatVolume6fatGetEmPm